Component: ARM Compiler 5.06 update 7 (build 960) Tool: armlink [4d3601]

==============================================================================

Section Cross References

    blinky.o(.text) refers to led_mcb1800.o(.text) for LED_On
    blinky.o(.text) refers to rt_cmsis.o(i.osSignalSet) for osSignalSet
    blinky.o(.text) refers to rt_cmsis.o(i.osDelay) for osDelay
    blinky.o(.text) refers to rt_cmsis.o(i.osSignalWait) for osSignalWait
    blinky.o(.text) refers to rt_cmsis.o(i.osThreadCreate) for osThreadCreate
    blinky.o(.text) refers to blinky.o(.data) for tid_clock
    blinky.o(.text) refers to blinky.o(.constdata) for os_thread_def_phaseA
    blinky.o(.constdata) refers to blinky.o(.text) for phaseA
    led_mcb1800.o(.text) refers to gpio_lpc18xx.o(.text) for GPIO_PortClock
    led_mcb1800.o(.text) refers to scu_lpc18xx.o(.text) for SCU_PinConfigure
    led_mcb1800.o(.text) refers to led_mcb1800.o(.constdata) for LED_PIN
    rtx_conf_cm.o(.emb_text) refers to rt_cmsis.o(i.osKernelInitialize) for osKernelInitialize
    rtx_conf_cm.o(.emb_text) refers to rt_cmsis.o(i.osThreadCreate) for osThreadCreate
    rtx_conf_cm.o(.emb_text) refers to rt_cmsis.o(i.osKernelStart) for osKernelStart
    rtx_conf_cm.o(.emb_text) refers to exit.o(.text) for exit
    rtx_conf_cm.o(.emb_text) refers to rtx_conf_cm.o(.constdata) for os_thread_def_main
    rtx_conf_cm.o(.text) refers to rt_task.o(i.rt_tsk_self) for rt_tsk_self
    rtx_conf_cm.o(.text) refers to rt_mutex.o(i.rt_mut_init) for rt_mut_init
    rtx_conf_cm.o(.text) refers to rt_cmsis.o(.data) for os_running
    rtx_conf_cm.o(.text) refers to rtx_conf_cm.o(.bss) for .bss
    rtx_conf_cm.o(.text) refers to libspace.o(.bss) for __libspace_start
    rtx_conf_cm.o(.text) refers to rtx_conf_cm.o(.data) for .data
    rtx_conf_cm.o(.text) refers to rt_mutex.o(i.rt_mut_wait) for rt_mut_wait
    rtx_conf_cm.o(.text) refers to rt_mutex.o(i.rt_mut_release) for rt_mut_release
    rtx_conf_cm.o(.constdata) refers to rt_cmsis.o(i.osTimerThread) for osTimerThread
    rtx_conf_cm.o(.constdata) refers to rtx_conf_cm.o(.bss) for os_messageQ_q_osTimerMessageQ
    rtx_conf_cm.o(.constdata) refers to blinky.o(.text) for main
    gpio_lpc18xx.o(.text) refers to system_lpc18xx.o(.data) for SystemCoreClock
    startup_lpc18xx.o(STACK) refers (Special) to heapauxi.o(.text) for __use_two_region_memory
    startup_lpc18xx.o(HEAP) refers (Special) to heapauxi.o(.text) for __use_two_region_memory
    startup_lpc18xx.o(RESET) refers (Special) to heapauxi.o(.text) for __use_two_region_memory
    startup_lpc18xx.o(RESET) refers to startup_lpc18xx.o(STACK) for __initial_sp
    startup_lpc18xx.o(RESET) refers to startup_lpc18xx.o(.text) for Reset_Handler
    startup_lpc18xx.o(RESET) refers to hal_cm3.o(.emb_text) for SVC_Handler
    startup_lpc18xx.o(.text) refers (Special) to heapauxi.o(.text) for __use_two_region_memory
    startup_lpc18xx.o(.text) refers to system_lpc18xx.o(.text) for SystemInit
    startup_lpc18xx.o(.text) refers to __main.o(!!!main) for __main
    startup_lpc18xx.o(.text) refers to startup_lpc18xx.o(HEAP) for Heap_Mem
    startup_lpc18xx.o(.text) refers to startup_lpc18xx.o(STACK) for Stack_Mem
    system_lpc18xx.o(.text) refers to lludivv7m.o(.text) for __aeabi_uldivmod
    system_lpc18xx.o(.text) refers to system_lpc18xx.o(.data) for SystemCoreClock
    system_lpc18xx.o(.text) refers to system_lpc18xx.o(.constdata) for emcdivby2_opc
    system_lpc18xx.o(.text) refers to system_lpc18xx.o(i.GetPLL1Param) for GetPLL1Param
    system_lpc18xx.o(.text) refers to startup_lpc18xx.o(RESET) for __Vectors
    rt_cmsis.o(i.isrMessageGet) refers to rt_mailbox.o(i.isr_mbx_receive) for isr_mbx_receive
    rt_cmsis.o(i.isrMessagePut) refers to rt_mailbox.o(i.rt_mbx_check) for rt_mbx_check
    rt_cmsis.o(i.isrMessagePut) refers to rt_mailbox.o(i.isr_mbx_send) for isr_mbx_send
    rt_cmsis.o(i.isrSemaphoreRelease) refers to rt_cmsis.o(i.rt_id2obj) for rt_id2obj
    rt_cmsis.o(i.isrSemaphoreRelease) refers to rt_semaphore.o(i.isr_sem_send) for isr_sem_send
    rt_cmsis.o(i.isrSignalSet) refers to rt_cmsis.o(i.rt_tid2ptcb) for rt_tid2ptcb
    rt_cmsis.o(i.isrSignalSet) refers to rt_event.o(i.isr_evt_set) for isr_evt_set
    rt_cmsis.o(i.osDelay) refers to rt_cmsis.o(i.svcDelay) for svcDelay
    rt_cmsis.o(i.osKernelInitialize) refers to rt_cmsis.o(i.svcKernelInitialize) for svcKernelInitialize
    rt_cmsis.o(i.osKernelRunning) refers to rt_cmsis.o(i.svcKernelRunning) for svcKernelRunning
    rt_cmsis.o(i.osKernelRunning) refers to rt_cmsis.o(.data) for .data
    rt_cmsis.o(i.osKernelStart) refers to rtx_conf_cm.o(.constdata) for os_flags
    rt_cmsis.o(i.osKernelStart) refers to rt_cmsis.o(i.svcKernelStart) for svcKernelStart
    rt_cmsis.o(i.osKernelSysTick) refers to rt_cmsis.o(i.svcKernelSysTick) for svcKernelSysTick
    rt_cmsis.o(i.osMailAlloc) refers to rt_cmsis.o(i.sysMailAlloc) for sysMailAlloc
[...]

    Removing blinky.o(.rev16_text), (4 bytes).
    Removing blinky.o(.revsh_text), (4 bytes).
    Removing blinky.o(.rrx_text), (6 bytes).
    Removing led_mcb1800.o(.rev16_text), (4 bytes).
    Removing led_mcb1800.o(.revsh_text), (4 bytes).
    Removing led_mcb1800.o(.rrx_text), (6 bytes).
    Removing gpio_lpc18xx.o(.rev16_text), (4 bytes).
    Removing gpio_lpc18xx.o(.revsh_text), (4 bytes).
    Removing gpio_lpc18xx.o(.rrx_text), (6 bytes).
    Removing scu_lpc18xx.o(.rev16_text), (4 bytes).
    Removing scu_lpc18xx.o(.revsh_text), (4 bytes).
    Removing scu_lpc18xx.o(.rrx_text), (6 bytes).
    Removing system_lpc18xx.o(.rev16_text), (4 bytes).
    Removing system_lpc18xx.o(.revsh_text), (4 bytes).
    Removing system_lpc18xx.o(.rrx_text), (6 bytes).
    Removing rt_cmsis.o(.rev16_text), (4 bytes).
    Removing rt_cmsis.o(.revsh_text), (4 bytes).
    Removing rt_cmsis.o(.rrx_text), (6 bytes).
    Removing rt_cmsis.o(i.isrSemaphoreRelease), (40 bytes).
    Removing rt_cmsis.o(i.osKernelRunning), (36 bytes).
    Removing rt_cmsis.o(i.osKernelSysTick), (24 bytes).
    Removing rt_cmsis.o(i.osMailAlloc), (28 bytes).
    Removing rt_cmsis.o(i.osMailCAlloc), (48 bytes).
    Removing rt_cmsis.o(i.osMailCreate), (44 bytes).
    Removing rt_cmsis.o(i.osMailFree), (28 bytes).
    Removing rt_cmsis.o(i.osMailGet), (22 bytes).
    Removing rt_cmsis.o(i.osMailPut), (20 bytes).
    Removing rt_cmsis.o(i.osMessageCreate), (44 bytes).
    Removing rt_cmsis.o(i.osMessagePut), (24 bytes).
    Removing rt_cmsis.o(i.osMutexCreate), (44 bytes).
    Removing rt_cmsis.o(i.osMutexDelete), (24 bytes).
    Removing rt_cmsis.o(i.osMutexRelease), (24 bytes).
    Removing rt_cmsis.o(i.osMutexWait), (24 bytes).
    Removing rt_cmsis.o(i.osPoolAlloc), (32 bytes).
    Removing rt_cmsis.o(i.osPoolCAlloc), (52 bytes).
    Removing rt_cmsis.o(i.osPoolCreate), (44 bytes).
    Removing rt_cmsis.o(i.osPoolFree), (32 bytes).
    Removing rt_cmsis.o(i.osSemaphoreCreate), (44 bytes).
    Removing rt_cmsis.o(i.osSemaphoreDelete), (24 bytes).
    Removing rt_cmsis.o(i.osSemaphoreRelease), (24 bytes).
    Removing rt_cmsis.o(i.osSemaphoreWait), (24 bytes).
    Removing rt_cmsis.o(i.osSignalClear), (24 bytes).
    Removing rt_cmsis.o(i.osThreadGetId), (24 bytes).
    Removing rt_cmsis.o(i.osThreadGetPriority), (24 bytes).
    Removing rt_cmsis.o(i.osThreadSetPriority), (24 bytes).
    Removing rt_cmsis.o(i.osThreadTerminate), (24 bytes).
    Removing rt_cmsis.o(i.osThreadYield), (24 bytes).
    Removing rt_cmsis.o(i.osTimerCreate), (44 bytes).
    Removing rt_cmsis.o(i.osTimerDelete), (24 bytes).
    Removing rt_cmsis.o(i.osTimerStart), (24 bytes).
    Removing rt_cmsis.o(i.osTimerStop), (24 bytes).
    Removing rt_cmsis.o(i.osWait), (4 bytes).
    Removing rt_cmsis.o(i.os_resume), (12 bytes).
    Removing rt_cmsis.o(i.os_suspend), (12 bytes).
    Removing rt_cmsis.o(i.rt_clr_box), (24 bytes).
    Removing rt_cmsis.o(i.rt_timer_remove), (60 bytes).
    Removing rt_cmsis.o(i.svcKernelRunning), (12 bytes).
    Removing rt_cmsis.o(i.svcKernelSysTick), (56 bytes).
    Removing rt_cmsis.o(i.svcMailCreate), (66 bytes).
    Removing rt_cmsis.o(i.svcMessagePut), (54 bytes).
    Removing rt_cmsis.o(i.svcMutexCreate), (28 bytes).
    Removing rt_cmsis.o(i.svcMutexDelete), (26 bytes).
    Removing rt_cmsis.o(i.svcMutexRelease), (34 bytes).
    Removing rt_cmsis.o(i.svcMutexWait), (58 bytes).
    Removing rt_cmsis.o(i.svcPoolCreate), (40 bytes).
    Removing rt_cmsis.o(i.svcSemaphoreCreate), (36 bytes).
    Removing rt_cmsis.o(i.svcSemaphoreDelete), (26 bytes).
    Removing rt_cmsis.o(i.svcSemaphoreRelease), (40 bytes).
    Removing rt_cmsis.o(i.svcSemaphoreWait), (50 bytes).
    Removing rt_cmsis.o(i.svcSignalClear), (36 bytes).
    Removing rt_cmsis.o(i.svcThreadGetPriority), (18 bytes).
    Removing rt_cmsis.o(i.svcThreadSetPriority), (46 bytes).
    Removing rt_cmsis.o(i.svcThreadYield), (10 bytes).
    Removing rt_cmsis.o(i.svcTimerCreate), (56 bytes).
    Removing rt_cmsis.o(i.svcTimerDelete), (40 bytes).
    Removing rt_cmsis.o(i.svcTimerStart), (100 bytes).
    Removing rt_cmsis.o(i.svcTimerStop), (36 bytes).
    Removing rt_cmsis.o(i.sysMailAlloc), (88 bytes).
    Removing rt_cmsis.o(i.sysMailFree), (96 bytes).
    Removing rt_cmsis.o(i.sysPoolAlloc), (10 bytes).
    Removing rt_cmsis.o(i.sysPoolFree), (20 bytes).
    Removing rt_cmsis.o(i.sysUserTimerUpdate), (48 bytes).
    Removing rt_cmsis.o(i.sysUserTimerWakeupTime), (20 bytes).
    Removing rt_task.o(i.rt_tsk_pass), (48 bytes).
    Removing rt_mutex.o(i.rt_mut_delete), (176 bytes).
    Removing rt_system.o(.emb_text), (0 bytes).
    Removing rt_system.o(i.os_tick_ovf), (16 bytes).
    Removing rt_system.o(i.os_tick_val), (20 bytes).
    Removing rt_system.o(i.rt_resume), (136 bytes).
    Removing rt_system.o(i.rt_suspend), (36 bytes).
    Removing rt_system.o(i.rt_tsk_lock), (80 bytes).
    Removing rt_system.o(i.rt_tsk_unlock), (80 bytes).
    Removing rt_event.o(i.rt_evt_clr), (28 bytes).
    Removing rt_event.o(i.rt_evt_get), (12 bytes).
    Removing rt_list.o(i.rt_get_same_rdy_prio), (36 bytes).
    Removing rt_mailbox.o(i.rt_mbx_send), (152 bytes).
    Removing rt_semaphore.o(i.isr_sem_send), (16 bytes).
    Removing rt_semaphore.o(i.rt_sem_delete), (92 bytes).
    Removing rt_semaphore.o(i.rt_sem_init), (12 bytes).
    Removing rt_semaphore.o(i.rt_sem_send), (42 bytes).
    Removing rt_semaphore.o(i.rt_sem_wait), (64 bytes).
    Removing rt_time.o(i.rt_itv_set), (24 bytes).
    Removing rt_time.o(i.rt_itv_wait), (40 bytes).
    Removing rt_time.o(i.rt_time_get), (12 bytes).
    Removing rt_membox.o(i._calloc_box), (30 bytes).

105 unused section(s) (total 3508 bytes) removed from the image.

==============================================================================

Image Symbol Table

    Local Symbols

    Symbol Name                              Value     Ov Type        Size  Object(Section)

    ../clib/angel/boardlib.s                 0x00000000   Number         0  boardinit1.o ABSOLUTE
    ../clib/angel/boardlib.s                 0x00000000   Number         0  boardinit2.o ABSOLUTE
    ../clib/angel/boardlib.s                 0x00000000   Number         0  boardshut.o ABSOLUTE
    ../clib/angel/handlers.s                 0x00000000   Number         0  __scatter_copy.o ABSOLUTE
    ../clib/angel/handlers.s                 0x00000000   Number         0  __scatter_zi.o ABSOLUTE
    ../clib/angel/kernel.s                   0x00000000   Number         0  __rtentry.o ABSOLUTE
    ../clib/angel/kernel.s                   0x00000000   Number         0  __rtentry2.o ABSOLUTE
    ../clib/angel/kernel.s                   0x00000000   Number         0  __rtentry4.o ABSOLUTE
    ../clib/angel/kernel.s                   0x00000000   Number         0  rtexit2.o ABSOLUTE
    ../clib/angel/kernel.s                   0x00000000   Number         0  rtexit.o ABSOLUTE
    ../clib/angel/rt.s                       0x00000000   Number         0  aeabi_ldiv0.o ABSOLUTE
    ../clib/angel/rt.s                       0x00000000   Number         0  rt_raise.o ABSOLUTE
    ../clib/angel/rt.s                       0x00000000   Number         0  aeabi_ldiv0_sigfpe.o ABSOLUTE
    ../clib/angel/rt.s                       0x00000000   Number         0  rt_div0.o ABSOLUTE
    ../clib/angel/scatter.s                  0x00000000   Number         0  __scatter.o ABSOLUTE
    ../clib/angel/startup.s                  0x00000000   Number         0  __main.o ABSOLUTE
    ../clib/angel/sys.s                      0x00000000   Number         0  sys_stackheap_outer.o ABSOLUTE
    ../clib/angel/sys.s                      0x00000000   Number         0  indicate_semi.o ABSOLUTE
    ../clib/angel/sys.s                      0x00000000   Number         0  libspace.o ABSOLUTE
    ../clib/angel/sys.s                      0x00000000   Number         0  use_no_semi.o ABSOLUTE
    ../clib/angel/sysapp.c                   0x00000000   Number         0  sys_wrch.o ABSOLUTE
    ../clib/angel/sysapp.c                   0x00000000   Number         0  sys_exit.o ABSOLUTE
    ../clib/angel/sysapp.c                   0x00000000   Number         0  sys_command.o ABSOLUTE
    ../clib/armsys.c                         0x00000000   Number         0  argv_veneer.o ABSOLUTE
    ../clib/armsys.c                         0x00000000   Number         0  no_argv.o ABSOLUTE
    ../clib/armsys.c                         0x00000000   Number         0  _get_argv_nomalloc.o ABSOLUTE
    ../clib/armsys.c                         0x00000000   Number         0  argv_veneer.o ABSOLUTE
    ../clib/heapalloc.c                      0x00000000   Number         0  hrguard.o ABSOLUTE
    ../clib/heapaux.c                        0x00000000   Number         0  heapauxi.o ABSOLUTE
    ../clib/libinit.s                        0x00000000   Number         0  libinit2.o ABSOLUTE
    ../clib/libinit.s                        0x00000000   Number         0  libinit.o ABSOLUTE
    ../clib/libinit.s                        0x00000000   Number         0  libshutdown.o ABSOLUTE
    ../clib/libinit.s                        0x00000000   Number         0  libshutdown2.o ABSOLUTE
    ../clib/longlong.s                       0x00000000   Number         0  lludivv7m.o ABSOLUTE
    ../clib/signal.c                         0x00000000   Number         0  defsig_exit.o ABSOLUTE
    ../clib/signal.c                         0x00000000   Number         0  defsig_fpe_inner.o ABSOLUTE
    ../clib/signal.c                         0x00000000   Number         0  __raise.o ABSOLUTE
    ../clib/signal.c                         0x00000000   Number         0  defsig_general.o ABSOLUTE
    ../clib/signal.c                         0x00000000   Number         0  defsig_rtmem_inner.o ABSOLUTE
    ../clib/signal.c                         0x00000000   Number         0  defsig_rtmem_outer.o ABSOLUTE
    ../clib/signal.c                         0x00000000   Number         0  defsig_rtmem_formal.o ABSOLUTE
    ../clib/signal.c                         0x00000000   Number         0  defsig_stak_inner.o ABSOLUTE
    ../clib/signal.c                         0x00000000   Number         0  defsig_pvfn_inner.o ABSOLUTE
    ../clib/signal.c                         0x00000000   Number         0  defsig_abrt_inner.o ABSOLUTE
    ../clib/signal.c                         0x00000000   Number         0  defsig_other.o ABSOLUTE
    ../clib/signal.c                         0x00000000   Number         0  defsig_cppl_inner.o ABSOLUTE
    ../clib/signal.c                         0x00000000   Number         0  defsig_segv_inner.o ABSOLUTE
    ../clib/signal.c                         0x00000000   Number         0  defsig_fpe_outer.o ABSOLUTE
    ../clib/signal.c                         0x00000000   Number         0  defsig_rtred_inner.o ABSOLUTE
    ../clib/signal.c                         0x00000000   Number         0  defsig_fpe_formal.o ABSOLUTE
    ../clib/signal.s                         0x00000000   Number         0  defsig.o ABSOLUTE
    ../clib/stdlib.c                         0x00000000   Number         0  exit.o ABSOLUTE
    ../fplib/fpinit.s                        0x00000000   Number         0  fpinit.o ABSOLUTE
    ..\HAL_CM.c                              0x00000000   Number         0  hal_cm.o ABSOLUTE
    ..\\rt_CMSIS.c                           0x00000000   Number         0  rt_cmsis.o ABSOLUTE
    ..\\rt_System.c                          0x00000000   Number         0  rt_system.o ABSOLUTE
    ..\rt_CMSIS.c                            0x00000000   Number         0  rt_cmsis.o ABSOLUTE
    ..\rt_Event.c                            0x00000000   Number         0  rt_event.o ABSOLUTE
    ..\rt_List.c                             0x00000000   Number         0  rt_list.o ABSOLUTE
    ..\rt_Mailbox.c                          0x00000000   Number         0  rt_mailbox.o ABSOLUTE
    ..\rt_MemBox.c                           0x00000000   Number         0  rt_membox.o ABSOLUTE
    ..\rt_Memory.c                           0x00000000   Number         0  rt_memory.o ABSOLUTE
    ..\rt_Mutex.c                            0x00000000   Number         0  rt_mutex.o ABSOLUTE
    ..\rt_Robin.c                            0x00000000   Number         0  rt_robin.o ABSOLUTE
    ..\rt_Semaphore.c                        0x00000000   Number         0  rt_semaphore.o ABSOLUTE
    ..\rt_System.c                           0x00000000   Number         0  rt_system.o ABSOLUTE
    ..\rt_Task.c                             0x00000000   Number         0  rt_task.o ABSOLUTE
    ..\rt_Time.c                             0x00000000   Number         0  rt_time.o ABSOLUTE
    Blinky.c                                 0x00000000   Number         0  blinky.o ABSOLUTE
    Blinky.c                                 0x00000000   Number         0  blinky.o ABSOLUTE
    F:/Keil_MDK539/Packs/Keil/LPC1800_DFP/2.11.1/Boards/Keil/MCB1800/Common/LED_MCB1800.c 0x00000000   Number         0  led_mcb1800.o ABSOLUTE
    F:/Keil_MDK539/Packs/Keil/LPC1800_DFP/2.11.1/RTE_Driver/GPIO_LPC18xx.c 0x00000000   Number         0  gpio_lpc18xx.o ABSOLUTE
    F:/Keil_MDK539/Packs/Keil/LPC1800_DFP/2.11.1/RTE_Driver/SCU_LPC18xx.c 0x00000000   Number         0  scu_lpc18xx.o ABSOLUTE
    F:\Keil_MDK539\Packs\Keil\LPC1800_DFP\2.11.1\Boards\Keil\MCB1800\Common\LED_MCB1800.c 0x00000000   Number         0  led_mcb1800.o ABSOLUTE
    F:\Keil_MDK539\Packs\Keil\LPC1800_DFP\2.11.1\RTE_Driver\GPIO_LPC18xx.c 0x00000000   Number         0  gpio_lpc18xx.o ABSOLUTE
    F:\Keil_MDK539\Packs\Keil\LPC1800_DFP\2.11.1\RTE_Driver\SCU_LPC18xx.c 0x00000000   Number         0  scu_lpc18xx.o ABSOLUTE
    HAL_CM3.c                                0x00000000   Number         0  hal_cm3.o ABSOLUTE
    HAL_CM3.c                                0x00000000   Number         0  hal_cm3.o ABSOLUTE
    RTE/CMSIS/RTX_Conf_CM.c                  0x00000000   Number         0  rtx_conf_cm.o ABSOLUTE
    RTE/Device/LPC1857/startup_LPC18xx.s     0x00000000   Number         0  startup_lpc18xx.o ABSOLUTE
    RTE/Device/LPC1857/system_LPC18xx.c      0x00000000   Number         0  system_lpc18xx.o ABSOLUTE
    RTE\CMSIS\RTX_Conf_CM.c                  0x00000000   Number         0  rtx_conf_cm.o ABSOLUTE
    RTE\Device\LPC1857\system_LPC18xx.c      0x00000000   Number         0  system_lpc18xx.o ABSOLUTE
    SVC_Table.s                              0x00000000   Number         0  svc_table.o ABSOLUTE
    dc.s                                     0x00000000   Number         0  dc.o ABSOLUTE
    .data                                    0x10000000   Section       24  blinky.o(.data)
    .data                                    0x10000018   Section       20  rtx_conf_cm.o(.data)
    nr_mutex                                 0x10000028   Data           4  rtx_conf_cm.o(.data)
    .data                                    0x1000002c   Section        4  system_lpc18xx.o(.data)
    .data                                    0x10000030   Section        8  rt_cmsis.o(.data)
    .data                                    0x10000038   Section        8  rt_task.o(.data)
    .data                                    0x10000040   Section        8  rt_system.o(.data)
    os_lock                                  0x10000040   Data           1  rt_system.o(.data)
    os_psh_flag                              0x10000041   Data           1  rt_system.o(.data)
    pend_flags                               0x10000042   Data           1  rt_system.o(.data)
    .data                                    0x10000048   Section        4  rt_time.o(.data)
    .data                                    0x1000004c   Section        8  rt_robin.o(.data)
    .data                                    0x10000054   Section        1  hal_cm.o(.data)
    .bss                                     0x10000058   Section     3016  rtx_conf_cm.o(.bss)
    std_libspace                             0x10000900   Data         672  rtx_conf_cm.o(.bss)
    std_libmutex                             0x10000ba0   Data         128  rtx_conf_cm.o(.bss)
    .bss                                     0x10000c20   Section       52  rt_task.o(.bss)
    .bss                                     0x10000c54   Section       48  rt_list.o(.bss)
    .bss                                     0x10000c84   Section       96  libspace.o(.bss)
    HEAP                                     0x10000ce8   Section      512  startup_lpc18xx.o(HEAP)
    Heap_Mem                                 0x10000ce8   Data         512  startup_lpc18xx.o(HEAP)
    STACK                                    0x10000ee8   Section     1024  startup_lpc18xx.o(STACK)
    Stack_Mem                                0x10000ee8   Data        1024  startup_lpc18xx.o(STACK)
    __initial_sp                             0x100012e8   Data           0  startup_lpc18xx.o(STACK)
    RESET                                    0x1a000000   Section      768  startup_lpc18xx.o(RESET)
    !!!main                                  0x1a000300   Section        8  __main.o(!!!main)
    !!!scatter                               0x1a000308   Section       52  __scatter.o(!!!scatter)
    !!handler_copy                           0x1a00033c   Section       26  __scatter_copy.o(!!handler_copy)
    !!handler_zi                             0x1a000358   Section       28  __scatter_zi.o(!!handler_zi)
    .ARM.Collect$$libinit$$00000000          0x1a000374   Section        2  libinit.o(.ARM.Collect$$libinit$$00000000)
    .ARM.Collect$$libinit$$00000002          0x1a000376   Section        0  libinit2.o(.ARM.Collect$$libinit$$00000002)
    .ARM.Collect$$libinit$$00000004          0x1a000376   Section        0  libinit2.o(.ARM.Collect$$libinit$$00000004)
    .ARM.Collect$$libinit$$0000000A          0x1a000376   Section        0  libinit2.o(.ARM.Collect$$libinit$$0000000A)
    .ARM.Collect$$libinit$$0000000C          0x1a000376   Section        0  libinit2.o(.ARM.Collect$$libinit$$0000000C)
    .ARM.Collect$$libinit$$0000000E          0x1a000376   Section        0  libinit2.o(.ARM.Collect$$libinit$$0000000E)
    .ARM.Collect$$libinit$$00000011          0x1a000376   Section        0  libinit2.o(.ARM.Collect$$libinit$$00000011)
    .ARM.Collect$$libinit$$00000013          0x1a000376   Section        0  libinit2.o(.ARM.Collect$$libinit$$00000013)
    .ARM.Collect$$libinit$$00000015          0x1a000376   Section        0  libinit2.o(.ARM.Collect$$libinit$$00000015)
    .ARM.Collect$$libinit$$00000017          0x1a000376   Section        0  libinit2.o(.ARM.Collect$$libinit$$00000017)
    .ARM.Collect$$libinit$$00000019          0x1a000376   Section        0  libinit2.o(.ARM.Collect$$libinit$$00000019)
    .ARM.Collect$$libinit$$0000001B          0x1a000376   Section        0  libinit2.o(.ARM.Collect$$libinit$$0000001B)
    .ARM.Collect$$libinit$$0000001D          0x1a000376   Section        0  libinit2.o(.ARM.Collect$$libinit$$0000001D)
    .ARM.Collect$$libinit$$0000001F          0x1a000376   Section        0  libinit2.o(.ARM.Collect$$libinit$$0000001F)
    .ARM.Collect$$libinit$$00000021          0x1a000376   Section        0  libinit2.o(.ARM.Collect$$libinit$$00000021)
    .ARM.Collect$$libinit$$00000023          0x1a000376   Section        0  libinit2.o(.ARM.Collect$$libinit$$00000023)
    .ARM.Collect$$libinit$$00000025          0x1a000376   Section        0  libinit2.o(.ARM.Collect$$libinit$$00000025)
    .ARM.Collect$$libinit$$0000002C          0x1a000376   Section        0  libinit2.o(.ARM.Collect$$libinit$$0000002C)
    .ARM.Collect$$libinit$$0000002E          0x1a000376   Section        0  libinit2.o(.ARM.Collect$$libinit$$0000002E)
    .ARM.Collect$$libinit$$00000030          0x1a000376   Section        0  libinit2.o(.ARM.Collect$$libinit$$00000030)
    .ARM.Collect$$libinit$$00000032          0x1a000376   Section        0  libinit2.o(.ARM.Collect$$libinit$$00000032)
    .ARM.Collect$$libinit$$00000033          0x1a000376   Section        2  libinit2.o(.ARM.Collect$$libinit$$00000033)
    .ARM.Collect$$libshutdown$$00000000      0x1a000378   Section        2  libshutdown.o(.ARM.Collect$$libshutdown$$00000000)
    .ARM.Collect$$libshutdown$$00000002      0x1a00037a   Section        0  libshutdown2.o(.ARM.Collect$$libshutdown$$00000002)
    .ARM.Collect$$libshutdown$$00000004      0x1a00037a   Section        0  libshutdown2.o(.ARM.Collect$$libshutdown$$00000004)
    .ARM.Collect$$libshutdown$$00000006      0x1a00037a   Section        0  libshutdown2.o(.ARM.Collect$$libshutdown$$00000006)
    .ARM.Collect$$libshutdown$$00000009      0x1a00037a   Section        0  libshutdown2.o(.ARM.Collect$$libshutdown$$00000009)
    .ARM.Collect$$libshutdown$$0000000C      0x1a00037a   Section        0  libshutdown2.o(.ARM.Collect$$libshutdown$$0000000C)
    .ARM.Collect$$libshutdown$$0000000E      0x1a00037a   Section        0  libshutdown2.o(.ARM.Collect$$libshutdown$$0000000E)
    .ARM.Collect$$libshutdown$$00000011      0x1a00037a   Section        0  libshutdown2.o(.ARM.Collect$$libshutdown$$00000011)
    .ARM.Collect$$libshutdown$$00000012      0x1a00037a   Section        2  libshutdown2.o(.ARM.Collect$$libshutdown$$00000012)
    .ARM.Collect$$rtentry$$00000000          0x1a00037c   Section        0  __rtentry.o(.ARM.Collect$$rtentry$$00000000)
    .ARM.Collect$$rtentry$$00000002          0x1a00037c   Section        0  __rtentry2.o(.ARM.Collect$$rtentry$$00000002)
    .ARM.Collect$$rtentry$$00000004          0x1a00037c   Section        6  __rtentry4.o(.ARM.Collect$$rtentry$$00000004)
    .ARM.Collect$$rtentry$$00000009          0x1a000382   Section        0  __rtentry2.o(.ARM.Collect$$rtentry$$00000009)
    .ARM.Collect$$rtentry$$0000000A          0x1a000382   Section        4  __rtentry2.o(.ARM.Collect$$rtentry$$0000000A)
    .ARM.Collect$$rtentry$$0000000B          0x1a000386   Section        8  __rtentry2.o(.ARM.Collect$$rtentry$$0000000B)
    .ARM.Collect$$rtentry$$0000000D          0x1a00038e   Section        8  __rtentry2.o(.ARM.Collect$$rtentry$$0000000D)
    .ARM.Collect$$rtexit$$00000000           0x1a000396   Section        2  rtexit.o(.ARM.Collect$$rtexit$$00000000)
    .ARM.Collect$$rtexit$$00000002           0x1a000398   Section        0  rtexit2.o(.ARM.Collect$$rtexit$$00000002)
    .ARM.Collect$$rtexit$$00000003           0x1a000398   Section        4  rtexit2.o(.ARM.Collect$$rtexit$$00000003)
    .ARM.Collect$$rtexit$$00000004           0x1a00039c   Section        6  rtexit2.o(.ARM.Collect$$rtexit$$00000004)
    .emb_text                                0x1a0003a4   Section       28  rtx_conf_cm.o(.emb_text)
    .emb_text                                0x1a0003c0   Section      304  hal_cm3.o(.emb_text)
    .text                                    0x1a0004f0   Section        0  blinky.o(.text)
    .text                                    0x1a00068c   Section        0  led_mcb1800.o(.text)
    .text                                    0x1a00078c   Section        0  rtx_conf_cm.o(.text)
    __tagsym$$used                           0x1a0007f3   Number         0  rtx_conf_cm.o(.text)
    __tagsym$$used                           0x1a000809   Number         0  rtx_conf_cm.o(.text)
    .text                                    0x1a000838   Section        0  gpio_lpc18xx.o(.text)
    .text                                    0x1a00092c   Section        0  scu_lpc18xx.o(.text)
    .text                                    0x1a000a98   Section       64  startup_lpc18xx.o(.text)
    .text                                    0x1a000ad8   Section        0  system_lpc18xx.o(.text)
    WaitUs                                   0x1a000c5f   Thumb Code    72  system_lpc18xx.o(.text)
    .text                                    0x1a0013f0   Section        8  libspace.o(.text)
    .text                                    0x1a0013f8   Section      238  lludivv7m.o(.text)
    .text                                    0x1a0014e6   Section        0  exit.o(.text)
    .text                                    0x1a0014f8   Section        0  heapauxi.o(.text)
    .text                                    0x1a001500   Section        0  sys_exit.o(.text)
    .text                                    0x1a00150c   Section       74  sys_stackheap_outer.o(.text)
    .text                                    0x1a001556   Section        2  use_no_semi.o(.text)
    .text                                    0x1a001558   Section        0  indicate_semi.o(.text)
    SVC_TABLE                                0x1a001558   Section        4  svc_table.o(SVC_TABLE)
    i.GetPLL1Param                           0x1a00155c   Section        0  system_lpc18xx.o(i.GetPLL1Param)
    i._init_box                              0x1a0015a4   Section        0  rt_membox.o(i._init_box)
    i.dbg_init                               0x1a0015ec   Section        0  hal_cm.o(i.dbg_init)
    i.dbg_task_notify                        0x1a00161c   Section        0  hal_cm.o(i.dbg_task_notify)
    i.dbg_task_switch                        0x1a00163c   Section        0  hal_cm.o(i.dbg_task_switch)
    i.isrMessageGet                          0x1a00164c   Section        0  rt_cmsis.o(i.isrMessageGet)
    i.isrMessagePut                          0x1a001676   Section        0  rt_cmsis.o(i.isrMessagePut)
    i.isrSignalSet                           0x1a0016a2   Section        0  rt_cmsis.o(i.isrSignalSet)
    i.isr_evt_set                            0x1a0016c8   Section        0  rt_event.o(i.isr_evt_set)
    i.isr_mbx_receive                        0x1a0016f0   Section        0  rt_mailbox.o(i.isr_mbx_receive)
    i.isr_mbx_send                           0x1a001746   Section        0  rt_mailbox.o(i.isr_mbx_send)
    i.osDelay                                0x1a001754   Section        0  rt_cmsis.o(i.osDelay)
    i.osKernelInitialize                     0x1a00176c   Section        0  rt_cmsis.o(i.osKernelInitialize)
    i.osKernelStart                          0x1a001790   Section        0  rt_cmsis.o(i.osKernelStart)
    i.osMessageGet                           0x1a0017fc   Section        0  rt_cmsis.o(i.osMessageGet)
    i.osSignalSet                            0x1a001814   Section        0  rt_cmsis.o(i.osSignalSet)
    i.osSignalWait                           0x1a00182c   Section        0  rt_cmsis.o(i.osSignalWait)
    i.osThreadCreate                         0x1a001844   Section        0  rt_cmsis.o(i.osThreadCreate)
    i.osThreadExit                           0x1a001870   Section        0  rt_cmsis.o(i.osThreadExit)
    i.osTimerCall                            0x1a001888   Section        0  rt_cmsis.o(i.osTimerCall)
    i.osTimerThread                          0x1a001894   Section        0  rt_cmsis.o(i.osTimerThread)
    i.os_tick_init                           0x1a0018c0   Section        0  rt_system.o(i.os_tick_init)
    i.os_tick_irqack                         0x1a0018e8   Section        0  rt_system.o(i.os_tick_irqack)
    i.rt_alloc_box                           0x1a0018ea   Section        0  rt_membox.o(i.rt_alloc_box)
    i.rt_alloc_mem                           0x1a001904   Section        0  rt_memory.o(i.rt_alloc_mem)
    i.rt_block                               0x1a001944   Section        0  rt_task.o(i.rt_block)
    i.rt_chk_robin                           0x1a00197c   Section        0  rt_robin.o(i.rt_chk_robin)
    i.rt_dec_dly                             0x1a0019c4   Section        0  rt_list.o(i.rt_dec_dly)
    i.rt_dispatch                            0x1a001a34   Section        0  rt_task.o(i.rt_dispatch)
    i.rt_dly_wait                            0x1a001a78   Section        0  rt_time.o(i.rt_dly_wait)
    i.rt_evt_psh                             0x1a001a80   Section        0  rt_event.o(i.rt_evt_psh)
    i.rt_evt_set                             0x1a001ad0   Section        0  rt_event.o(i.rt_evt_set)
    i.rt_evt_wait                            0x1a001b2c   Section        0  rt_event.o(i.rt_evt_wait)
    i.rt_free_box                            0x1a001b68   Section        0  rt_membox.o(i.rt_free_box)
    i.rt_free_mem                            0x1a001b94   Section        0  rt_memory.o(i.rt_free_mem)
    i.rt_get_first                           0x1a001bbc   Section        0  rt_list.o(i.rt_get_first)
    i.rt_id2obj                              0x1a001be4   Section        0  rt_cmsis.o(i.rt_id2obj)
    rt_id2obj                                0x1a001be5   Thumb Code     8  rt_cmsis.o(i.rt_id2obj)
    i.rt_init_context                        0x1a001bec   Section        0  rt_task.o(i.rt_init_context)
    rt_init_context                          0x1a001bed   Thumb Code    66  rt_task.o(i.rt_init_context)
    i.rt_init_mem                            0x1a001c34   Section        0  rt_memory.o(i.rt_init_mem)
    i.rt_init_robin                          0x1a001c50   Section        0  rt_robin.o(i.rt_init_robin)
    i.rt_init_stack                          0x1a001c68   Section        0  hal_cm.o(i.rt_init_stack)
    i.rt_mbx_check                           0x1a001ce8   Section        0  rt_mailbox.o(i.rt_mbx_check)
    i.rt_mbx_init                            0x1a001cf0   Section        0  rt_mailbox.o(i.rt_mbx_init)
    i.rt_mbx_psh                             0x1a001d0c   Section        0  rt_mailbox.o(i.rt_mbx_psh)
    i.rt_mbx_wait                            0x1a001dfc   Section        0  rt_mailbox.o(i.rt_mbx_wait)
    i.rt_ms2tick                             0x1a001eb0   Section        0  rt_cmsis.o(i.rt_ms2tick)
    rt_ms2tick                               0x1a001eb1   Thumb Code    58  rt_cmsis.o(i.rt_ms2tick)
    i.rt_mut_init                            0x1a001ef4   Section        0  rt_mutex.o(i.rt_mut_init)
    i.rt_mut_release                         0x1a001f04   Section        0  rt_mutex.o(i.rt_mut_release)
    i.rt_mut_wait                            0x1a001fdc   Section        0  rt_mutex.o(i.rt_mut_wait)
    i.rt_pop_req                             0x1a002054   Section        0  rt_system.o(i.rt_pop_req)
    i.rt_psh_req                             0x1a0020d0   Section        0  rt_system.o(i.rt_psh_req)
    i.rt_psq_enq                             0x1a0020f0   Section        0  rt_list.o(i.rt_psq_enq)
    i.rt_put_dly                             0x1a00214c   Section        0  rt_list.o(i.rt_put_dly)
    i.rt_put_prio                            0x1a002194   Section        0  rt_list.o(i.rt_put_prio)
    i.rt_put_rdy_first                       0x1a0021cc   Section        0  rt_list.o(i.rt_put_rdy_first)
    i.rt_resort_prio                         0x1a0021e0   Section        0  rt_list.o(i.rt_resort_prio)
    i.rt_ret_val                             0x1a002214   Section        0  hal_cm.o(i.rt_ret_val)
    i.rt_ret_val2                            0x1a00221a   Section        0  hal_cm.o(i.rt_ret_val2)
    i.rt_rmv_dly                             0x1a002222   Section        0  rt_list.o(i.rt_rmv_dly)
    i.rt_rmv_list                            0x1a00224c   Section        0  rt_list.o(i.rt_rmv_list)
    i.rt_sem_psh                             0x1a00227c   Section        0  rt_semaphore.o(i.rt_sem_psh)
    i.rt_stk_check                           0x1a0022b0   Section        0  rt_system.o(i.rt_stk_check)
    i.rt_switch_req                          0x1a0022d4   Section        0  rt_task.o(i.rt_switch_req)
    i.rt_sys_init                            0x1a0022fc   Section        0  rt_task.o(i.rt_sys_init)
    i.rt_sys_start                           0x1a0023c8   Section        0  rt_task.o(i.rt_sys_start)
    i.rt_systick                             0x1a002440   Section        0  rt_system.o(i.rt_systick)
    i.rt_tid2ptcb                            0x1a002480   Section        0  rt_cmsis.o(i.rt_tid2ptcb)
    rt_tid2ptcb                              0x1a002481   Thumb Code    18  rt_cmsis.o(i.rt_tid2ptcb)
    i.rt_timer_insert                        0x1a002494   Section        0  rt_cmsis.o(i.rt_timer_insert)
    rt_timer_insert                          0x1a002495   Thumb Code    48  rt_cmsis.o(i.rt_timer_insert)
    i.rt_tsk_create                          0x1a0024c8   Section        0  rt_task.o(i.rt_tsk_create)
    i.rt_tsk_delete                          0x1a002550   Section        0  rt_task.o(i.rt_tsk_delete)
    i.rt_tsk_prio                            0x1a0026cc   Section        0  rt_task.o(i.rt_tsk_prio)
    i.rt_tsk_self                            0x1a002748   Section        0  rt_task.o(i.rt_tsk_self)
    i.svcDelay                               0x1a002758   Section        0  rt_cmsis.o(i.svcDelay)
    i.svcKernelInitialize                    0x1a00276c   Section        0  rt_cmsis.o(i.svcKernelInitialize)
    i.svcKernelStart                         0x1a0027dc   Section        0  rt_cmsis.o(i.svcKernelStart)
    i.svcMessageCreate                       0x1a002824   Section        0  rt_cmsis.o(i.svcMessageCreate)
    i.svcMessageGet                          0x1a002848   Section        0  rt_cmsis.o(i.svcMessageGet)
    i.svcSignalSet                           0x1a002882   Section        0  rt_cmsis.o(i.svcSignalSet)
    i.svcSignalWait                          0x1a0028a8   Section        0  rt_cmsis.o(i.svcSignalWait)
    i.svcThreadCreate                        0x1a0028fc   Section        0  rt_cmsis.o(i.svcThreadCreate)
    i.svcThreadGetId                         0x1a002968   Section        0  rt_cmsis.o(i.svcThreadGetId)
    i.svcThreadTerminate                     0x1a002984   Section        0  rt_cmsis.o(i.svcThreadTerminate)
    i.svcTimerCall                           0x1a0029bc   Section        0  rt_cmsis.o(i.svcTimerCall)
    i.sysTimerTick                           0x1a0029d4   Section        0  rt_cmsis.o(i.sysTimerTick)
    .constdata                               0x1a002a30   Section       80  blinky.o(.constdata)
    .constdata                               0x1a002a80   Section       80  led_mcb1800.o(.constdata)
    LED_GPIO                                 0x1a002a80   Data          16  led_mcb1800.o(.constdata)
    LED_PIN                                  0x1a002a90   Data          64  led_mcb1800.o(.constdata)
    .constdata                               0x1a002ad0   Section      104  rtx_conf_cm.o(.constdata)
    __tagsym$$used                           0x1a002aec   Number         0  rtx_conf_cm.o(.constdata)
    __tagsym$$used                           0x1a002af0   Number         0  rtx_conf_cm.o(.constdata)
    __tagsym$$used                           0x1a002af4   Number         0  rtx_conf_cm.o(.constdata)
    __tagsym$$used                           0x1a002af8   Number         0  rtx_conf_cm.o(.constdata)
    .constdata                               0x1a002b38   Section       20  system_lpc18xx.o(.constdata)

    Global Symbols

    Symbol Name                              Value     Ov Type        Size  Object(Section)

    BuildAttributes$$THM_ISAv4$P$D$K$B$S$PE$A:L22UL41UL21$X:L11$S22US41US21$IEEE1$IW$USESV6$~STKCKD$USESV7$~SHL$OSPACE$ROPI$EBA8$UX$STANDARDLIB$REQ8$PRES8$EABIv2 0x00000000   Number         0  anon$$obj.o ABSOLUTE
    __ARM_use_no_argv                        0x00000000   Number         0  blinky.o ABSOLUTE
    __ARM_exceptions_init                     - Undefined Weak Reference
    __alloca_initialize                       - Undefined Weak Reference
    __arm_fini_                               - Undefined Weak Reference
    __arm_preinit_                            - Undefined Weak Reference
    __cpp_initialize__aeabi_                  - Undefined Weak Reference
    __cxa_finalize                            - Undefined Weak Reference
    __rt_locale                               - Undefined Weak Reference
    __sigvec_lookup                           - Undefined Weak Reference
    _atexit_init                              - Undefined Weak Reference
    _call_atexit_fns                          - Undefined Weak Reference
    _clock_init                               - Undefined Weak Reference
    _fp_trap_init                             - Undefined Weak Reference
    _fp_trap_shutdown                         - Undefined Weak Reference
    _get_lc_collate                           - Undefined Weak Reference
    _get_lc_ctype                             - Undefined Weak Reference
    _get_lc_monetary                          - Undefined Weak Reference
    _get_lc_numeric                           - Undefined Weak Reference
    _get_lc_time                              - Undefined Weak Reference
    _getenv_init                              - Undefined Weak Reference
    _handle_redirection                       - Undefined Weak Reference
    _init_alloc                               - Undefined Weak Reference
    _init_user_alloc                          - Undefined Weak Reference
    _initio                                   - Undefined Weak Reference
    _rand_init                                - Undefined Weak Reference
    _signal_finish                            - Undefined Weak Reference
    _signal_init                              - Undefined Weak Reference
    _terminate_alloc                          - Undefined Weak Reference
    _terminate_user_alloc                     - Undefined Weak Reference
    _terminateio                              - Undefined Weak Reference
    __RL_RTX_VER                             0x00000482   Number         0  rt_system.o ABSOLUTE
    tid_phaseA                               0x10000000   Data           4  blinky.o(.data)
    tid_phaseB                               0x10000004   Data           4  blinky.o(.data)
    tid_phaseC                               0x10000008   Data           4  blinky.o(.data)
    tid_phaseD                               0x1000000c   Data           4  blinky.o(.data)
    tid_clock                                0x10000010   Data           4  blinky.o(.data)
    tid_lcd                                  0x10000014   Data           4  blinky.o(.data)
    osThreadId_osTimerThread                 0x10000018   Data           4  rtx_conf_cm.o(.data)
    osMessageQId_osTimerMessageQ             0x1000001c   Data           4  rtx_conf_cm.o(.data)
    os_tmr                                   0x10000020   Data           4  rtx_conf_cm.o(.data)
    m_tmr                                    0x10000024   Data           4  rtx_conf_cm.o(.data)
    SystemCoreClock                          0x1000002c   Data           4  system_lpc18xx.o(.data)
    os_initialized                           0x10000030   Data           1  rt_cmsis.o(.data)
    os_running                               0x10000031   Data           1  rt_cmsis.o(.data)
    os_timer_head                            0x10000034   Data           4  rt_cmsis.o(.data)
    os_tsk                                   0x10000038   Data           8  rt_task.o(.data)
    os_tick_irqn                             0x10000044   Data           4  rt_system.o(.data)
    os_time                                  0x10000048   Data           4  rt_time.o(.data)
    os_robin                                 0x1000004c   Data           8  rt_robin.o(.data)
    dbg_msg                                  0x10000054   Data           1  hal_cm.o(.data)
    mp_tcb                                   0x10000058   Data         376  rtx_conf_cm.o(.bss)
    mp_stk                                   0x100001d0   Data        1216  rtx_conf_cm.o(.bss)
    os_stack_mem                             0x10000690   Data         432  rtx_conf_cm.o(.bss)
    os_fifo                                  0x10000840   Data         132  rtx_conf_cm.o(.bss)
    os_active_TCB                            0x100008c4   Data          28  rtx_conf_cm.o(.bss)
    os_messageQ_q_osTimerMessageQ            0x100008e0   Data          32  rtx_conf_cm.o(.bss)
    os_idle_TCB                              0x10000c20   Data          52  rt_task.o(.bss)
    os_rdy                                   0x10000c54   Data          24  rt_list.o(.bss)
    os_dly                                   0x10000c6c   Data          24  rt_list.o(.bss)
    __libspace_start                         0x10000c84   Data          96  libspace.o(.bss)
    __temporary_stack_top$libspace           0x10000ce4   Data           0  libspace.o(.bss)
    __Vectors                                0x1a000000   Data           4  startup_lpc18xx.o(RESET)
    __main                                   0x1a000301   Thumb Code     8  __main.o(!!!main)
    __scatterload                            0x1a000309   Thumb Code     0  __scatter.o(!!!scatter)
    __scatterload_rt2                        0x1a000309   Thumb Code    44  __scatter.o(!!!scatter)
    __scatterload_rt2_thumb_only             0x1a000309   Thumb Code     0  __scatter.o(!!!scatter)
    __scatterload_null                       0x1a000317   Thumb Code     0  __scatter.o(!!!scatter)
    __scatterload_copy                       0x1a00033d   Thumb Code    26  __scatter_copy.o(!!handler_copy)
    __scatterload_zeroinit                   0x1a000359   Thumb Code    28  __scatter_zi.o(!!handler_zi)
    __rt_lib_init                            0x1a000375   Thumb Code     0  libinit.o(.ARM.Collect$$libinit$$00000000)
    __rt_lib_init_alloca_1                   0x1a000377   Thumb Code     0  libinit2.o(.ARM.Collect$$libinit$$0000002E)
    __rt_lib_init_argv_1                     0x1a000377   Thumb Code     0  libinit2.o(.ARM.Collect$$libinit$$0000002C)
    __rt_lib_init_atexit_1                   0x1a000377   Thumb Code     0  libinit2.o(.ARM.Collect$$libinit$$0000001B)
    __rt_lib_init_clock_1                    0x1a000377   Thumb Code     0  libinit2.o(.ARM.Collect$$libinit$$00000021)
    __rt_lib_init_cpp_1                      0x1a000377   Thumb Code     0  libinit2.o(.ARM.Collect$$libinit$$00000032)
    __rt_lib_init_exceptions_1               0x1a000377   Thumb Code     0  libinit2.o(.ARM.Collect$$libinit$$00000030)
    __rt_lib_init_fp_1                       0x1a000377   Thumb Code     0  libinit2.o(.ARM.Collect$$libinit$$00000002)
    __rt_lib_init_fp_trap_1                  0x1a000377   Thumb Code     0  libinit2.o(.ARM.Collect$$libinit$$0000001F)
    __rt_lib_init_getenv_1                   0x1a000377   Thumb Code     0  libinit2.o(.ARM.Collect$$libinit$$00000023)
    __rt_lib_init_heap_1                     0x1a000377   Thumb Code     0  libinit2.o(.ARM.Collect$$libinit$$0000000A)
    __rt_lib_init_lc_collate_1               0x1a000377   Thumb Code     0  libinit2.o(.ARM.Collect$$libinit$$00000011)
    __rt_lib_init_lc_ctype_1                 0x1a000377   Thumb Code     0  libinit2.o(.ARM.Collect$$libinit$$00000013)
    __rt_lib_init_lc_monetary_1              0x1a000377   Thumb Code     0  libinit2.o(.ARM.Collect$$libinit$$00000015)
    __rt_lib_init_lc_numeric_1               0x1a000377   Thumb Code     0  libinit2.o(.ARM.Collect$$libinit$$00000017)
    __rt_lib_init_lc_time_1                  0x1a000377   Thumb Code     0  libinit2.o(.ARM.Collect$$libinit$$00000019)
    __rt_lib_init_preinit_1                  0x1a000377   Thumb Code     0  libinit2.o(.ARM.Collect$$libinit$$00000004)
    __rt_lib_init_rand_1                     0x1a000377   Thumb Code     0  libinit2.o(.ARM.Collect$$libinit$$0000000E)
    __rt_lib_init_return                     0x1a000377   Thumb Code     0  libinit2.o(.ARM.Collect$$libinit$$00000033)
    __rt_lib_init_signal_1                   0x1a000377   Thumb Code     0  libinit2.o(.ARM.Collect$$libinit$$0000001D)
    __rt_lib_init_stdio_1                    0x1a000377   Thumb Code     0  libinit2.o(.ARM.Collect$$libinit$$00000025)
    __rt_lib_init_user_alloc_1               0x1a000377   Thumb Code     0  libinit2.o(.ARM.Collect$$libinit$$0000000C)
    __rt_lib_shutdown                        0x1a000379   Thumb Code     0  libshutdown.o(.ARM.Collect$$libshutdown$$00000000)
    __rt_lib_shutdown_cpp_1                  0x1a00037b   Thumb Code     0  libshutdown2.o(.ARM.Collect$$libshutdown$$00000004)
    __rt_lib_shutdown_fini_1                 0x1a00037b   Thumb Code     0  libshutdown2.o(.ARM.Collect$$libshutdown$$00000002)
    __rt_lib_shutdown_fp_trap_1              0x1a00037b   Thumb Code     0  libshutdown2.o(.ARM.Collect$$libshutdown$$00000009)
    __rt_lib_shutdown_heap_1                 0x1a00037b   Thumb Code     0  libshutdown2.o(.ARM.Collect$$libshutdown$$00000011)
    __rt_lib_shutdown_return                 0x1a00037b   Thumb Code     0  libshutdown2.o(.ARM.Collect$$libshutdown$$00000012)
    __rt_lib_shutdown_signal_1               0x1a00037b   Thumb Code     0  libshutdown2.o(.ARM.Collect$$libshutdown$$0000000C)
    __rt_lib_shutdown_stdio_1                0x1a00037b   Thumb Code     0  libshutdown2.o(.ARM.Collect$$libshutdown$$00000006)
    __rt_lib_shutdown_user_alloc_1           0x1a00037b   Thumb Code     0  libshutdown2.o(.ARM.Collect$$libshutdown$$0000000E)
    __rt_entry                               0x1a00037d   Thumb Code     0  __rtentry.o(.ARM.Collect$$rtentry$$00000000)
    __rt_entry_presh_1                       0x1a00037d   Thumb Code     0  __rtentry2.o(.ARM.Collect$$rtentry$$00000002)
    __rt_entry_sh                            0x1a00037d   Thumb Code     0  __rtentry4.o(.ARM.Collect$$rtentry$$00000004)
    __rt_entry_li                            0x1a000383   Thumb Code     0  __rtentry2.o(.ARM.Collect$$rtentry$$0000000A)
    __rt_entry_postsh_1                      0x1a000383   Thumb Code     0  __rtentry2.o(.ARM.Collect$$rtentry$$00000009)
    __rt_entry_postli_1                      0x1a000387   Thumb Code     0  __rtentry2.o(.ARM.Collect$$rtentry$$0000000B)
    __rt_entry_main                          0x1a00038f   Thumb Code     0  __rtentry2.o(.ARM.Collect$$rtentry$$0000000D)
    __rt_exit                                0x1a000397   Thumb Code     0  rtexit.o(.ARM.Collect$$rtexit$$00000000)
    __rt_exit_ls                             0x1a000399   Thumb Code     0  rtexit2.o(.ARM.Collect$$rtexit$$00000003)
    __rt_exit_prels_1                        0x1a000399   Thumb Code     0  rtexit2.o(.ARM.Collect$$rtexit$$00000002)
    __rt_exit_exit                           0x1a00039d   Thumb Code     0  rtexit2.o(.ARM.Collect$$rtexit$$00000004)
    _platform_post_lib_init                  0x1a0003a5   Thumb Code    24  rtx_conf_cm.o(.emb_text)
    rt_set_PSP                               0x1a0003c1   Thumb Code     6  hal_cm3.o(.emb_text)
    rt_get_PSP                               0x1a0003c7   Thumb Code     6  hal_cm3.o(.emb_text)
    os_set_env                               0x1a0003cd   Thumb Code    24  hal_cm3.o(.emb_text)
    _alloc_box                               0x1a0003e9   Thumb Code    28  hal_cm3.o(.emb_text)
    _free_box                                0x1a000409   Thumb Code    28  hal_cm3.o(.emb_text)
    SVC_Handler                              0x1a000429   Thumb Code   108  hal_cm3.o(.emb_text)
    PendSV_Handler                           0x1a0004a1   Thumb Code    56  hal_cm3.o(.emb_text)
    SysTick_Handler                          0x1a0004dd   Thumb Code     8  hal_cm3.o(.emb_text)
    OS_Tick_Handler                          0x1a0004e5   Thumb Code    12  hal_cm3.o(.emb_text)
    Switch_On                                0x1a0004f1   Thumb Code    12  blinky.o(.text)
    Switch_Off                               0x1a0004fd   Thumb Code    12  blinky.o(.text)
    signal_func                              0x1a000509   Thumb Code    62  blinky.o(.text)
    phaseA                                   0x1a000547   Thumb Code    40  blinky.o(.text)
    phaseB                                   0x1a00056f   Thumb Code    40  blinky.o(.text)
    phaseC                                   0x1a000597   Thumb Code    40  blinky.o(.text)
    phaseD                                   0x1a0005bf   Thumb Code    40  blinky.o(.text)
    clock                                    0x1a0005e7   Thumb Code    40  blinky.o(.text)
    main                                     0x1a00060f   Thumb Code    86  blinky.o(.text)
    LED_Initialize                           0x1a00068d   Thumb Code    88  led_mcb1800.o(.text)
    LED_Uninitialize                         0x1a0006e5   Thumb Code    36  led_mcb1800.o(.text)
    LED_On                                   0x1a000709   Thumb Code    40  led_mcb1800.o(.text)
    LED_Off                                  0x1a000731   Thumb Code    40  led_mcb1800.o(.text)
    LED_SetOut                               0x1a000759   Thumb Code    40  led_mcb1800.o(.text)
    LED_GetCount                             0x1a000781   Thumb Code     4  led_mcb1800.o(.text)
    os_idle_demon                            0x1a00078d   Thumb Code     4  rtx_conf_cm.o(.text)
    os_error                                 0x1a000791   Thumb Code    32  rtx_conf_cm.o(.text)
    __user_perthread_libspace                0x1a0007b1   Thumb Code    32  rtx_conf_cm.o(.text)
    _mutex_initialize                        0x1a0007d1   Thumb Code    34  rtx_conf_cm.o(.text)
    _mutex_acquire                           0x1a0007f3   Thumb Code    22  rtx_conf_cm.o(.text)
    _mutex_release                           0x1a000809   Thumb Code    18  rtx_conf_cm.o(.text)
    GPIO_PortClock                           0x1a000839   Thumb Code    94  gpio_lpc18xx.o(.text)
    GPIO_SetDir                              0x1a000897   Thumb Code    44  gpio_lpc18xx.o(.text)
    GPIO_PinWrite                            0x1a0008c3   Thumb Code    30  gpio_lpc18xx.o(.text)
    GPIO_PinRead                             0x1a0008e1   Thumb Code    24  gpio_lpc18xx.o(.text)
    GPIO_PortWrite                           0x1a0008f9   Thumb Code    22  gpio_lpc18xx.o(.text)
    GPIO_PortRead                            0x1a00090f   Thumb Code    10  gpio_lpc18xx.o(.text)
    SCU_PinConfigure                         0x1a00092d   Thumb Code    34  scu_lpc18xx.o(.text)
    SCU_CLK_PinConfigure                     0x1a00094f   Thumb Code    22  scu_lpc18xx.o(.text)
    SCU_USB1_PinConfigure                    0x1a000965   Thumb Code    12  scu_lpc18xx.o(.text)
    SCU_I2C_PinConfigure                     0x1a000971   Thumb Code    44  scu_lpc18xx.o(.text)
    SCU_ADC_ChannelPinConfigure              0x1a00099d   Thumb Code    74  scu_lpc18xx.o(.text)
    SCU_DAC_PinConfigure                     0x1a0009e7   Thumb Code    52  scu_lpc18xx.o(.text)
    SCU_PinInterruptSourceSelect             0x1a000a1b   Thumb Code   112  scu_lpc18xx.o(.text)
    Reset_Handler                            0x1a000a99   Thumb Code     8  startup_lpc18xx.o(.text)
    NMI_Handler                              0x1a000aa1   Thumb Code     2  startup_lpc18xx.o(.text)
    HardFault_Handler                        0x1a000aa3   Thumb Code     2  startup_lpc18xx.o(.text)
    MemManage_Handler                        0x1a000aa5   Thumb Code     2  startup_lpc18xx.o(.text)
    BusFault_Handler                         0x1a000aa7   Thumb Code     2  startup_lpc18xx.o(.text)
    UsageFault_Handler                       0x1a000aa9   Thumb Code     2  startup_lpc18xx.o(.text)
    DebugMon_Handler                         0x1a000aad   Thumb Code     2  startup_lpc18xx.o(.text)
    ADC0_IRQHandler                          0x1a000ab3   Thumb Code     0  startup_lpc18xx.o(.text)
    ADC1_IRQHandler                          0x1a000ab3   Thumb Code     0  startup_lpc18xx.o(.text)
    ATIMER_IRQHandler                        0x1a000ab3   Thumb Code     0  startup_lpc18xx.o(.text)
    CAN0_IRQHandler                          0x1a000ab3   Thumb Code     0  startup_lpc18xx.o(.text)
    CAN1_IRQHandler                          0x1a000ab3   Thumb Code     0  startup_lpc18xx.o(.text)
    DAC_IRQHandler                           0x1a000ab3   Thumb Code     0  startup_lpc18xx.o(.text)
    DMA_IRQHandler                           0x1a000ab3   Thumb Code     0  startup_lpc18xx.o(.text)
    ETH_IRQHandler                           0x1a000ab3   Thumb Code     0  startup_lpc18xx.o(.text)
    EVRT_IRQHandler                          0x1a000ab3   Thumb Code     0  startup_lpc18xx.o(.text)
    FLASHEEPROM_IRQHandler                   0x1a000ab3   Thumb Code     0  startup_lpc18xx.o(.text)
    GINT0_IRQHandler                         0x1a000ab3   Thumb Code     0  startup_lpc18xx.o(.text)
    GINT1_IRQHandler                         0x1a000ab3   Thumb Code     0  startup_lpc18xx.o(.text)
    GPIO0_IRQHandler                         0x1a000ab3   Thumb Code     0  startup_lpc18xx.o(.text)
    GPIO1_IRQHandler                         0x1a000ab3   Thumb Code     0  startup_lpc18xx.o(.text)
    GPIO2_IRQHandler                         0x1a000ab3   Thumb Code     0  startup_lpc18xx.o(.text)
    GPIO3_IRQHandler                         0x1a000ab3   Thumb Code     0  startup_lpc18xx.o(.text)
    GPIO4_IRQHandler                         0x1a000ab3   Thumb Code     0  startup_lpc18xx.o(.text)
    GPIO5_IRQHandler                         0x1a000ab3   Thumb Code     0  startup_lpc18xx.o(.text)
    GPIO6_IRQHandler                         0x1a000ab3   Thumb Code     0  startup_lpc18xx.o(.text)
    GPIO7_IRQHandler                         0x1a000ab3   Thumb Code     0  startup_lpc18xx.o(.text)
    I2C0_IRQHandler                          0x1a000ab3   Thumb Code     0  startup_lpc18xx.o(.text)
    I2C1_IRQHandler                          0x1a000ab3   Thumb Code     0  startup_lpc18xx.o(.text)
    I2S0_IRQHandler                          0x1a000ab3   Thumb Code     0  startup_lpc18xx.o(.text)
    I2S1_IRQHandler                          0x1a000ab3   Thumb Code     0  startup_lpc18xx.o(.text)
    LCD_IRQHandler                           0x1a000ab3   Thumb Code     0  startup_lpc18xx.o(.text)
    MCPWM_IRQHandler                         0x1a000ab3   Thumb Code     0  startup_lpc18xx.o(.text)
    QEI_IRQHandler                           0x1a000ab3   Thumb Code     0  startup_lpc18xx.o(.text)
    RIT_IRQHandler                           0x1a000ab3   Thumb Code     0  startup_lpc18xx.o(.text)
    RTC_IRQHandler                           0x1a000ab3   Thumb Code     0  startup_lpc18xx.o(.text)
    SCT_IRQHandler                           0x1a000ab3   Thumb Code     0  startup_lpc18xx.o(.text)
    SDIO_IRQHandler                          0x1a000ab3   Thumb Code     0  startup_lpc18xx.o(.text)
    SSP0_IRQHandler                          0x1a000ab3   Thumb Code     0  startup_lpc18xx.o(.text)
    SSP1_IRQHandler                          0x1a000ab3   Thumb Code     0  startup_lpc18xx.o(.text)
    TIMER0_IRQHandler                        0x1a000ab3   Thumb Code     0  startup_lpc18xx.o(.text)
    TIMER1_IRQHandler                        0x1a000ab3   Thumb Code     0  startup_lpc18xx.o(.text)
    TIMER2_IRQHandler                        0x1a000ab3   Thumb Code     0  startup_lpc18xx.o(.text)
    TIMER3_IRQHandler                        0x1a000ab3   Thumb Code     0  startup_lpc18xx.o(.text)
    UART0_IRQHandler                         0x1a000ab3   Thumb Code     0  startup_lpc18xx.o(.text)
    UART1_IRQHandler                         0x1a000ab3   Thumb Code     0  startup_lpc18xx.o(.text)
    UART2_IRQHandler                         0x1a000ab3   Thumb Code     0  startup_lpc18xx.o(.text)
    UART3_IRQHandler                         0x1a000ab3   Thumb Code     0  startup_lpc18xx.o(.text)
    USB0_IRQHandler                          0x1a000ab3   Thumb Code     0  startup_lpc18xx.o(.text)
    USB1_IRQHandler                          0x1a000ab3   Thumb Code     0  startup_lpc18xx.o(.text)
    WDT_IRQHandler                           0x1a000ab3   Thumb Code     0  startup_lpc18xx.o(.text)
    __user_initial_stackheap                 0x1a000ab5   Thumb Code     0  startup_lpc18xx.o(.text)
    SetClock                                 0x1a000ad9   Thumb Code   390  system_lpc18xx.o(.text)
    SystemInit_ExtMemCtl                     0x1a000ca7   Thumb Code  1284  system_lpc18xx.o(.text)
    MeasureFreq                              0x1a0011ab   Thumb Code    94  system_lpc18xx.o(.text)
    GetClkSel                                0x1a001209   Thumb Code   168  system_lpc18xx.o(.text)
    GetClockFreq                             0x1a0012b1   Thumb Code   240  system_lpc18xx.o(.text)
    SystemCoreClockUpdate                    0x1a0013a1   Thumb Code    22  system_lpc18xx.o(.text)
    SystemInit                               0x1a0013b7   Thumb Code    42  system_lpc18xx.o(.text)
    __user_libspace                          0x1a0013f1   Thumb Code     8  libspace.o(.text)
    __user_perproc_libspace                  0x1a0013f1   Thumb Code     0  libspace.o(.text)
    __aeabi_uldivmod                         0x1a0013f9   Thumb Code     0  lludivv7m.o(.text)
    _ll_udiv                                 0x1a0013f9   Thumb Code   238  lludivv7m.o(.text)
    exit                                     0x1a0014e7   Thumb Code    18  exit.o(.text)
    __use_two_region_memory                  0x1a0014f9   Thumb Code     2  heapauxi.o(.text)
    __rt_heap_escrow$2region                 0x1a0014fb   Thumb Code     2  heapauxi.o(.text)
    __rt_heap_expand$2region                 0x1a0014fd   Thumb Code     2  heapauxi.o(.text)
    _sys_exit                                0x1a001501   Thumb Code     8  sys_exit.o(.text)
    __user_setup_stackheap                   0x1a00150d   Thumb Code    74  sys_stackheap_outer.o(.text)
    __I$use$semihosting                      0x1a001557   Thumb Code     0  use_no_semi.o(.text)
    __use_no_semihosting_swi                 0x1a001557   Thumb Code     2  use_no_semi.o(.text)
    SVC_Count                                0x1a001558   Data           4  svc_table.o(SVC_TABLE)
    __semihosting_library_function           0x1a001559   Thumb Code     0  indicate_semi.o(.text)
    GetPLL1Param                             0x1a00155d   Thumb Code    68  system_lpc18xx.o(i.GetPLL1Param)
    SVC_Table                                0x1a00155c   Data           0  svc_table.o(SVC_TABLE)
    _init_box                                0x1a0015a5   Thumb Code    70  rt_membox.o(i._init_box)
    dbg_init                                 0x1a0015ed   Thumb Code    34  hal_cm.o(i.dbg_init)
    dbg_task_notify                          0x1a00161d   Thumb Code    32  hal_cm.o(i.dbg_task_notify)
    dbg_task_switch                          0x1a00163d   Thumb Code    16  hal_cm.o(i.dbg_task_switch)
    isrMessageGet                            0x1a00164d   Thumb Code    42  rt_cmsis.o(i.isrMessageGet)
    isrMessagePut                            0x1a001677   Thumb Code    44  rt_cmsis.o(i.isrMessagePut)
    isrSignalSet                             0x1a0016a3   Thumb Code    36  rt_cmsis.o(i.isrSignalSet)
    isr_evt_set                              0x1a0016c9   Thumb Code    34  rt_event.o(i.isr_evt_set)
    isr_mbx_receive                          0x1a0016f1   Thumb Code    86  rt_mailbox.o(i.isr_mbx_receive)
    isr_mbx_send                             0x1a001747   Thumb Code    14  rt_mailbox.o(i.isr_mbx_send)
    osDelay                                  0x1a001755   Thumb Code    18  rt_cmsis.o(i.osDelay)
    osKernelInitialize                       0x1a00176d   Thumb Code    30  rt_cmsis.o(i.osKernelInitialize)
    osKernelStart                            0x1a001791   Thumb Code    98  rt_cmsis.o(i.osKernelStart)
    osMessageGet                             0x1a0017fd   Thumb Code    18  rt_cmsis.o(i.osMessageGet)
    osSignalSet                              0x1a001815   Thumb Code    18  rt_cmsis.o(i.osSignalSet)
    osSignalWait                             0x1a00182d   Thumb Code    18  rt_cmsis.o(i.osSignalWait)
    osThreadCreate                           0x1a001845   Thumb Code    36  rt_cmsis.o(i.osThreadCreate)
    osThreadExit                             0x1a001871   Thumb Code    14  rt_cmsis.o(i.osThreadExit)
    osTimerCall                              0x1a001889   Thumb Code     8  rt_cmsis.o(i.osTimerCall)
    osTimerThread                            0x1a001895   Thumb Code    38  rt_cmsis.o(i.osTimerThread)
    os_tick_init                             0x1a0018c1   Thumb Code    32  rt_system.o(i.os_tick_init)
    os_tick_irqack                           0x1a0018e9   Thumb Code     2  rt_system.o(i.os_tick_irqack)
    rt_alloc_box                             0x1a0018eb   Thumb Code    26  rt_membox.o(i.rt_alloc_box)
    rt_alloc_mem                             0x1a001905   Thumb Code    62  rt_memory.o(i.rt_alloc_mem)
    rt_block                                 0x1a001945   Thumb Code    48  rt_task.o(i.rt_block)
    rt_chk_robin                             0x1a00197d   Thumb Code    60  rt_robin.o(i.rt_chk_robin)
    rt_dec_dly                               0x1a0019c5   Thumb Code   102  rt_list.o(i.rt_dec_dly)
    rt_dispatch                              0x1a001a35   Thumb Code    60  rt_task.o(i.rt_dispatch)
    rt_dly_wait                              0x1a001a79   Thumb Code     6  rt_time.o(i.rt_dly_wait)
    rt_evt_psh                               0x1a001a81   Thumb Code    76  rt_event.o(i.rt_evt_psh)
    rt_evt_set                               0x1a001ad1   Thumb Code    88  rt_event.o(i.rt_evt_set)
    rt_evt_wait                              0x1a001b2d   Thumb Code    56  rt_event.o(i.rt_evt_wait)
    rt_free_box                              0x1a001b69   Thumb Code    44  rt_membox.o(i.rt_free_box)
    rt_free_mem                              0x1a001b95   Thumb Code    40  rt_memory.o(i.rt_free_mem)
    rt_get_first                             0x1a001bbd   Thumb Code    40  rt_list.o(i.rt_get_first)
    rt_init_mem                              0x1a001c35   Thumb Code    26  rt_memory.o(i.rt_init_mem)
    rt_init_robin                            0x1a001c51   Thumb Code    14  rt_robin.o(i.rt_init_robin)
    rt_init_stack                            0x1a001c69   Thumb Code   118  hal_cm.o(i.rt_init_stack)
    rt_mbx_check                             0x1a001ce9   Thumb Code     8  rt_mailbox.o(i.rt_mbx_check)
    rt_mbx_init                              0x1a001cf1   Thumb Code    26  rt_mailbox.o(i.rt_mbx_init)
    rt_mbx_psh                               0x1a001d0d   Thumb Code   236  rt_mailbox.o(i.rt_mbx_psh)
    rt_mbx_wait                              0x1a001dfd   Thumb Code   174  rt_mailbox.o(i.rt_mbx_wait)
    rt_mut_init                              0x1a001ef5   Thumb Code    16  rt_mutex.o(i.rt_mut_init)
    rt_mut_release                           0x1a001f05   Thumb Code   208  rt_mutex.o(i.rt_mut_release)
    rt_mut_wait                              0x1a001fdd   Thumb Code   114  rt_mutex.o(i.rt_mut_wait)
    rt_pop_req                               0x1a002055   Thumb Code   112  rt_system.o(i.rt_pop_req)
    rt_psh_req                               0x1a0020d1   Thumb Code    22  rt_system.o(i.rt_psh_req)
    rt_psq_enq                               0x1a0020f1   Thumb Code    88  rt_list.o(i.rt_psq_enq)
    rt_put_dly                               0x1a00214d   Thumb Code    68  rt_list.o(i.rt_put_dly)
    rt_put_prio                              0x1a002195   Thumb Code    54  rt_list.o(i.rt_put_prio)
    rt_put_rdy_first                         0x1a0021cd   Thumb Code    14  rt_list.o(i.rt_put_rdy_first)
    rt_resort_prio                           0x1a0021e1   Thumb Code    46  rt_list.o(i.rt_resort_prio)
    rt_ret_val                               0x1a002215   Thumb Code     6  hal_cm.o(i.rt_ret_val)
    rt_ret_val2                              0x1a00221b   Thumb Code     8  hal_cm.o(i.rt_ret_val2)
    rt_rmv_dly                               0x1a002223   Thumb Code    40  rt_list.o(i.rt_rmv_dly)
    rt_rmv_list                              0x1a00224d   Thumb Code    44  rt_list.o(i.rt_rmv_list)
    rt_sem_psh                               0x1a00227d   Thumb Code    48  rt_semaphore.o(i.rt_sem_psh)
    rt_stk_check                             0x1a0022b1   Thumb Code    28  rt_system.o(i.rt_stk_check)
    rt_switch_req                            0x1a0022d5   Thumb Code    30  rt_task.o(i.rt_switch_req)
    rt_sys_init                              0x1a0022fd   Thumb Code   138  rt_task.o(i.rt_sys_init)
    rt_sys_start                             0x1a0023c9   Thumb Code   110  rt_task.o(i.rt_sys_start)
    rt_systick                               0x1a002441   Thumb Code    50  rt_system.o(i.rt_systick)
    rt_tsk_create                            0x1a0024c9   Thumb Code   118  rt_task.o(i.rt_tsk_create)
    rt_tsk_delete                            0x1a002551   Thumb Code   352  rt_task.o(i.rt_tsk_delete)
    rt_tsk_prio                              0x1a0026cd   Thumb Code   108  rt_task.o(i.rt_tsk_prio)
    rt_tsk_self                              0x1a002749   Thumb Code    12  rt_task.o(i.rt_tsk_self)
    svcDelay                                 0x1a002759   Thumb Code    18  rt_cmsis.o(i.svcDelay)
    svcKernelInitialize                      0x1a00276d   Thumb Code    80  rt_cmsis.o(i.svcKernelInitialize)
    svcKernelStart                           0x1a0027dd   Thumb Code    62  rt_cmsis.o(i.svcKernelStart)
    svcMessageCreate                         0x1a002825   Thumb Code    36  rt_cmsis.o(i.svcMessageCreate)
    svcMessageGet                            0x1a002849   Thumb Code    58  rt_cmsis.o(i.svcMessageGet)
    svcSignalSet                             0x1a002883   Thumb Code    36  rt_cmsis.o(i.svcSignalSet)
    svcSignalWait                            0x1a0028a9   Thumb Code    80  rt_cmsis.o(i.svcSignalWait)
    svcThreadCreate                          0x1a0028fd   Thumb Code    96  rt_cmsis.o(i.svcThreadCreate)
    svcThreadGetId                           0x1a002969   Thumb Code    22  rt_cmsis.o(i.svcThreadGetId)
    svcThreadTerminate                       0x1a002985   Thumb Code    50  rt_cmsis.o(i.svcThreadTerminate)
    svcTimerCall                             0x1a0029bd   Thumb Code    24  rt_cmsis.o(i.svcTimerCall)
    sysTimerTick                             0x1a0029d5   Thumb Code    84  rt_cmsis.o(i.sysTimerTick)
    os_thread_def_phaseA                     0x1a002a30   Data          16  blinky.o(.constdata)
    os_thread_def_phaseB                     0x1a002a40   Data          16  blinky.o(.constdata)
    os_thread_def_phaseC                     0x1a002a50   Data          16  blinky.o(.constdata)
    os_thread_def_phaseD                     0x1a002a60   Data          16  blinky.o(.constdata)
    os_thread_def_clock                      0x1a002a70   Data          16  blinky.o(.constdata)
    os_maxtaskrun                            0x1a002ad0   Data           2  rtx_conf_cm.o(.constdata)
    os_stackinfo                             0x1a002ad4   Data           4  rtx_conf_cm.o(.constdata)
    os_rrobin                                0x1a002ad8   Data           4  rtx_conf_cm.o(.constdata)
    os_tickfreq                              0x1a002adc   Data           4  rtx_conf_cm.o(.constdata)
    os_tickus_i                              0x1a002ae0   Data           2  rtx_conf_cm.o(.constdata)
    os_tickus_f                              0x1a002ae2   Data           2  rtx_conf_cm.o(.constdata)
    os_trv                                   0x1a002ae4   Data           4  rtx_conf_cm.o(.constdata)
    os_flags                                 0x1a002ae8   Data           1  rtx_conf_cm.o(.constdata)
    CMSIS_RTOS_API_Version                   0x1a002aec   Data           4  rtx_conf_cm.o(.constdata)
    CMSIS_RTOS_RTX_Version                   0x1a002af0   Data           4  rtx_conf_cm.o(.constdata)
    os_clockrate                             0x1a002af4   Data           4  rtx_conf_cm.o(.constdata)
    os_timernum                              0x1a002af8   Data           4  rtx_conf_cm.o(.constdata)
    mp_tcb_size                              0x1a002afc   Data           2  rtx_conf_cm.o(.constdata)
    mp_stk_size                              0x1a002b00   Data           4  rtx_conf_cm.o(.constdata)
    os_stack_sz                              0x1a002b04   Data           4  rtx_conf_cm.o(.constdata)
    os_fifo_size                             0x1a002b08   Data           1  rtx_conf_cm.o(.constdata)
    os_thread_def_osTimerThread              0x1a002b0c   Data          16  rtx_conf_cm.o(.constdata)
    os_messageQ_def_osTimerMessageQ          0x1a002b1c   Data           8  rtx_conf_cm.o(.constdata)
    mp_tmr_size                              0x1a002b24   Data           2  rtx_conf_cm.o(.constdata)
    os_thread_def_main                       0x1a002b28   Data          16  rtx_conf_cm.o(.constdata)
    emcdivby2_opc                            0x1a002b38   Data          20  system_lpc18xx.o(.constdata)
    Region$$Table$$Base                      0x1a002b4c   Number         0  anon$$obj.o(Region$$Table)
    Region$$Table$$Limit                     0x1a002b6c   Number         0  anon$$obj.o(Region$$Table)



==============================================================================

Memory Map of the image

  Image Entry point : 0x1a000301

  Load Region LR_IROM1 (Base: 0x1a000000, Size: 0x00002bc4, Max: 0x00080000, ABSOLUTE)

    Execution Region RW_IRAM1 (Exec base: 0x10000000, Load base: 0x1a002b6c, Size: 0x000012e8, Max: 0x00008000, ABSOLUTE)

    Exec Addr    Load Addr    Size         Type   Attr      Idx    E Section Name        Object

    0x10000000   0x1a002b6c   0x00000018   Data   RW            6    .data               blinky.o
    0x10000018   0x1a002b84   0x00000014   Data   RW          107    .data               rtx_conf_cm.o
    0x1000002c   0x1a002b98   0x00000004   Data   RW          197    .data               system_lpc18xx.o
    0x10000030   0x1a002b9c   0x00000008   Data   RW          329    .data               RTX_CM3.lib(rt_cmsis.o)
    0x10000038   0x1a002ba4   0x00000008   Data   RW          869    .data               RTX_CM3.lib(rt_task.o)
    0x10000040   0x1a002bac   0x00000008   Data   RW          988    .data               RTX_CM3.lib(rt_system.o)
    0x10000048   0x1a002bb4   0x00000004   Data   RW         1278    .data               RTX_CM3.lib(rt_time.o)
    0x1000004c   0x1a002bb8   0x00000008   Data   RW         1309    .data               RTX_CM3.lib(rt_robin.o)
    0x10000054   0x1a002bc0   0x00000001   Data   RW         1388    .data               RTX_CM3.lib(hal_cm.o)
    0x10000055   0x1a002bc1   0x00000003   PAD
    0x10000058        -       0x00000bc8   Zero   RW          105    .bss                rtx_conf_cm.o
    0x10000c20        -       0x00000034   Zero   RW          868    .bss                RTX_CM3.lib(rt_task.o)
    0x10000c54        -       0x00000030   Zero   RW         1118    .bss                RTX_CM3.lib(rt_list.o)
    0x10000c84        -       0x00000060   Zero   RW         1446    .bss                c_w.l(libspace.o)
    0x10000ce4   0x1a002bc1   0x00000004   PAD
    0x10000ce8        -       0x00000200   Zero   RW          186    HEAP                startup_lpc18xx.o
    0x10000ee8        -       0x00000400   Zero   RW          185    STACK               startup_lpc18xx.o


    Execution Region ER_IROM1 (Exec base: 0x1a000000, Load base: 0x1a000000, Size: 0x00002b6c, Max: 0x00080000, ABSOLUTE)

    Exec Addr    Load Addr    Size         Type   Attr      Idx    E Section Name        Object

    0x1a000000   0x1a000000   0x00000300   Data   RO          187    RESET               startup_lpc18xx.o
    0x1a000300   0x1a000300   0x00000008   Code   RO         1454  * !!!main             c_w.l(__main.o)
    0x1a000308   0x1a000308   0x00000034   Code   RO         1617    !!!scatter          c_w.l(__scatter.o)
    0x1a00033c   0x1a00033c   0x0000001a   Code   RO         1619    !!handler_copy      c_w.l(__scatter_copy.o)
    0x1a000356   0x1a000356   0x00000002   PAD
    0x1a000358   0x1a000358   0x0000001c   Code   RO         1621    !!handler_zi        c_w.l(__scatter_zi.o)
    0x1a000374   0x1a000374   0x00000002   Code   RO         1501    .ARM.Collect$$libinit$$00000000  c_w.l(libinit.o)
    0x1a000376   0x1a000376   0x00000000   Code   RO         1513    .ARM.Collect$$libinit$$00000002  c_w.l(libinit2.o)
    0x1a000376   0x1a000376   0x00000000   Code   RO         1515    .ARM.Collect$$libinit$$00000004  c_w.l(libinit2.o)
    0x1a000376   0x1a000376   0x00000000   Code   RO         1518    .ARM.Collect$$libinit$$0000000A  c_w.l(libinit2.o)
    0x1a000376   0x1a000376   0x00000000   Code   RO         1520    .ARM.Collect$$libinit$$0000000C  c_w.l(libinit2.o)
    0x1a000376   0x1a000376   0x00000000   Code   RO         1522    .ARM.Collect$$libinit$$0000000E  c_w.l(libinit2.o)
    0x1a000376   0x1a000376   0x00000000   Code   RO         1525    .ARM.Collect$$libinit$$00000011  c_w.l(libinit2.o)
    0x1a000376   0x1a000376   0x00000000   Code   RO         1527    .ARM.Collect$$libinit$$00000013  c_w.l(libinit2.o)
    0x1a000376   0x1a000376   0x00000000   Code   RO         1529    .ARM.Collect$$libinit$$00000015  c_w.l(libinit2.o)
    0x1a000376   0x1a000376   0x00000000   Code   RO         1531    .ARM.Collect$$libinit$$00000017  c_w.l(libinit2.o)
    0x1a000376   0x1a000376   0x00000000   Code   RO         1533    .ARM.Collect$$libinit$$00000019  c_w.l(libinit2.o)
    0x1a000376   0x1a000376   0x00000000   Code   RO         1535    .ARM.Collect$$libinit$$0000001B  c_w.l(libinit2.o)
    0x1a000376   0x1a000376   0x00000000   Code   RO         1537    .ARM.Collect$$libinit$$0000001D  c_w.l(libinit2.o)
    0x1a000376   0x1a000376   0x00000000   Code   RO         1539    .ARM.Collect$$libinit$$0000001F  c_w.l(libinit2.o)
    0x1a000376   0x1a000376   0x00000000   Code   RO         1541    .ARM.Collect$$libinit$$00000021  c_w.l(libinit2.o)
    0x1a000376   0x1a000376   0x00000000   Code   RO         1543    .ARM.Collect$$libinit$$00000023  c_w.l(libinit2.o)
    0x1a000376   0x1a000376   0x00000000   Code   RO         1545    .ARM.Collect$$libinit$$00000025  c_w.l(libinit2.o)
    0x1a000376   0x1a000376   0x00000000   Code   RO         1549    .ARM.Collect$$libinit$$0000002C  c_w.l(libinit2.o)
    0x1a000376   0x1a000376   0x00000000   Code   RO         1551    .ARM.Collect$$libinit$$0000002E  c_w.l(libinit2.o)
    0x1a000376   0x1a000376   0x00000000   Code   RO         1553    .ARM.Collect$$libinit$$00000030  c_w.l(libinit2.o)
    0x1a000376   0x1a000376   0x00000000   Code   RO         1555    .ARM.Collect$$libinit$$00000032  c_w.l(libinit2.o)
    0x1a000376   0x1a000376   0x00000002   Code   RO         1556    .ARM.Collect$$libinit$$00000033  c_w.l(libinit2.o)
    0x1a000378   0x1a000378   0x00000002   Code   RO         1502    .ARM.Collect$$libshutdown$$00000000  c_w.l(libshutdown.o)
    0x1a00037a   0x1a00037a   0x00000000   Code   RO         1558    .ARM.Collect$$libshutdown$$00000002  c_w.l(libshutdown2.o)
    0x1a00037a   0x1a00037a   0x00000000   Code   RO         1560    .ARM.Collect$$libshutdown$$00000004  c_w.l(libshutdown2.o)
    0x1a00037a   0x1a00037a   0x00000000   Code   RO         1562    .ARM.Collect$$libshutdown$$00000006  c_w.l(libshutdown2.o)
    0x1a00037a   0x1a00037a   0x00000000   Code   RO         1565    .ARM.Collect$$libshutdown$$00000009  c_w.l(libshutdown2.o)
    0x1a00037a   0x1a00037a   0x00000000   Code   RO         1568    .ARM.Collect$$libshutdown$$0000000C  c_w.l(libshutdown2.o)
    0x1a00037a   0x1a00037a   0x00000000   Code   RO         1570    .ARM.Collect$$libshutdown$$0000000E  c_w.l(libshutdown2.o)
    0x1a00037a   0x1a00037a   0x00000000   Code   RO         1573    .ARM.Collect$$libshutdown$$00000011  c_w.l(libshutdown2.o)
    0x1a00037a   0x1a00037a   0x00000002   Code   RO         1574    .ARM.Collect$$libshutdown$$00000012  c_w.l(libshutdown2.o)
    0x1a00037c   0x1a00037c   0x00000000   Code   RO         1456    .ARM.Collect$$rtentry$$00000000  c_w.l(__rtentry.o)
    0x1a00037c   0x1a00037c   0x00000000   Code   RO         1464    .ARM.Collect$$rtentry$$00000002  c_w.l(__rtentry2.o)
    0x1a00037c   0x1a00037c   0x00000006   Code   RO         1476    .ARM.Collect$$rtentry$$00000004  c_w.l(__rtentry4.o)
    0x1a000382   0x1a000382   0x00000000   Code   RO         1466    .ARM.Collect$$rtentry$$00000009  c_w.l(__rtentry2.o)
    0x1a000382   0x1a000382   0x00000004   Code   RO         1467    .ARM.Collect$$rtentry$$0000000A  c_w.l(__rtentry2.o)
    0x1a000386   0x1a000386   0x00000008   Code   RO         1468    .ARM.Collect$$rtentry$$0000000B  c_w.l(__rtentry2.o)
    0x1a00038e   0x1a00038e   0x00000008   Code   RO         1470    .ARM.Collect$$rtentry$$0000000D  c_w.l(__rtentry2.o)
    0x1a000396   0x1a000396   0x00000002   Code   RO         1457    .ARM.Collect$$rtexit$$00000000  c_w.l(rtexit.o)
    0x1a000398   0x1a000398   0x00000000   Code   RO         1479    .ARM.Collect$$rtexit$$00000002  c_w.l(rtexit2.o)
    0x1a000398   0x1a000398   0x00000004   Code   RO         1480    .ARM.Collect$$rtexit$$00000003  c_w.l(rtexit2.o)
    0x1a00039c   0x1a00039c   0x00000006   Code   RO         1481    .ARM.Collect$$rtexit$$00000004  c_w.l(rtexit2.o)
    0x1a0003a2   0x1a0003a2   0x00000002   PAD
    0x1a0003a4   0x1a0003a4   0x0000001c   Code   RO          103    .emb_text           rtx_conf_cm.o
    0x1a0003c0   0x1a0003c0   0x00000130   Code   RO         1430    .emb_text           RTX_CM3.lib(hal_cm3.o)
    0x1a0004f0   0x1a0004f0   0x0000019c   Code   RO            4    .text               blinky.o
    0x1a00068c   0x1a00068c   0x00000100   Code   RO           71    .text               led_mcb1800.o
    0x1a00078c   0x1a00078c   0x000000ac   Code   RO          104    .text               rtx_conf_cm.o
    0x1a000838   0x1a000838   0x000000f4   Code   RO          134    .text               gpio_lpc18xx.o
    0x1a00092c   0x1a00092c   0x0000016c   Code   RO          161    .text               scu_lpc18xx.o
    0x1a000a98   0x1a000a98   0x00000040   Code   RO          188    .text               startup_lpc18xx.o
    0x1a000ad8   0x1a000ad8   0x00000918   Code   RO          195    .text               system_lpc18xx.o
    0x1a0013f0   0x1a0013f0   0x00000008   Code   RO         1445    .text               c_w.l(libspace.o)
    0x1a0013f8   0x1a0013f8   0x000000ee   Code   RO         1448    .text               c_w.l(lludivv7m.o)
    0x1a0014e6   0x1a0014e6   0x00000012   Code   RO         1450    .text               c_w.l(exit.o)
    0x1a0014f8   0x1a0014f8   0x00000006   Code   RO         1452    .text               c_w.l(heapauxi.o)
    0x1a0014fe   0x1a0014fe   0x00000002   PAD
    0x1a001500   0x1a001500   0x0000000c   Code   RO         1487    .text               c_w.l(sys_exit.o)
    0x1a00150c   0x1a00150c   0x0000004a   Code   RO         1489    .text               c_w.l(sys_stackheap_outer.o)
    0x1a001556   0x1a001556   0x00000002   Code   RO         1503    .text               c_w.l(use_no_semi.o)
    0x1a001558   0x1a001558   0x00000000   Code   RO         1505    .text               c_w.l(indicate_semi.o)
    0x1a001558   0x1a001558   0x00000004   Code   RO         1440    SVC_TABLE           RTX_CM3.lib(svc_table.o)
    0x1a00155c   0x1a00155c   0x00000048   Code   RO          217    i.GetPLL1Param      system_lpc18xx.o
    0x1a0015a4   0x1a0015a4   0x00000046   Code   RO         1329    i._init_box         RTX_CM3.lib(rt_membox.o)
    0x1a0015ea   0x1a0015ea   0x00000002   PAD
    0x1a0015ec   0x1a0015ec   0x00000030   Code   RO         1382    i.dbg_init          RTX_CM3.lib(hal_cm.o)
    0x1a00161c   0x1a00161c   0x00000020   Code   RO         1383    i.dbg_task_notify   RTX_CM3.lib(hal_cm.o)
    0x1a00163c   0x1a00163c   0x00000010   Code   RO         1384    i.dbg_task_switch   RTX_CM3.lib(hal_cm.o)
    0x1a00164c   0x1a00164c   0x0000002a   Code   RO          235    i.isrMessageGet     RTX_CM3.lib(rt_cmsis.o)
    0x1a001676   0x1a001676   0x0000002c   Code   RO          236    i.isrMessagePut     RTX_CM3.lib(rt_cmsis.o)
    0x1a0016a2   0x1a0016a2   0x00000024   Code   RO          238    i.isrSignalSet      RTX_CM3.lib(rt_cmsis.o)
    0x1a0016c6   0x1a0016c6   0x00000002   PAD
    0x1a0016c8   0x1a0016c8   0x00000028   Code   RO         1066    i.isr_evt_set       RTX_CM3.lib(rt_event.o)
    0x1a0016f0   0x1a0016f0   0x00000056   Code   RO         1184    i.isr_mbx_receive   RTX_CM3.lib(rt_mailbox.o)
    0x1a001746   0x1a001746   0x0000000e   Code   RO         1185    i.isr_mbx_send      RTX_CM3.lib(rt_mailbox.o)
    0x1a001754   0x1a001754   0x00000018   Code   RO          239    i.osDelay           RTX_CM3.lib(rt_cmsis.o)
    0x1a00176c   0x1a00176c   0x00000024   Code   RO          240    i.osKernelInitialize  RTX_CM3.lib(rt_cmsis.o)
    0x1a001790   0x1a001790   0x0000006c   Code   RO          242    i.osKernelStart     RTX_CM3.lib(rt_cmsis.o)
    0x1a0017fc   0x1a0017fc   0x00000018   Code   RO          251    i.osMessageGet      RTX_CM3.lib(rt_cmsis.o)
    0x1a001814   0x1a001814   0x00000018   Code   RO          266    i.osSignalSet       RTX_CM3.lib(rt_cmsis.o)
    0x1a00182c   0x1a00182c   0x00000018   Code   RO          267    i.osSignalWait      RTX_CM3.lib(rt_cmsis.o)
    0x1a001844   0x1a001844   0x0000002c   Code   RO          268    i.osThreadCreate    RTX_CM3.lib(rt_cmsis.o)
    0x1a001870   0x1a001870   0x00000018   Code   RO          269    i.osThreadExit      RTX_CM3.lib(rt_cmsis.o)
    0x1a001888   0x1a001888   0x0000000c   Code   RO          275    i.osTimerCall       RTX_CM3.lib(rt_cmsis.o)
    0x1a001894   0x1a001894   0x0000002c   Code   RO          280    i.osTimerThread     RTX_CM3.lib(rt_cmsis.o)
    0x1a0018c0   0x1a0018c0   0x00000028   Code   RO          976    i.os_tick_init      RTX_CM3.lib(rt_system.o)
    0x1a0018e8   0x1a0018e8   0x00000002   Code   RO          977    i.os_tick_irqack    RTX_CM3.lib(rt_system.o)
    0x1a0018ea   0x1a0018ea   0x0000001a   Code   RO         1330    i.rt_alloc_box      RTX_CM3.lib(rt_membox.o)
    0x1a001904   0x1a001904   0x0000003e   Code   RO         1358    i.rt_alloc_mem      RTX_CM3.lib(rt_memory.o)
    0x1a001942   0x1a001942   0x00000002   PAD
    0x1a001944   0x1a001944   0x00000038   Code   RO          857    i.rt_block          RTX_CM3.lib(rt_task.o)
    0x1a00197c   0x1a00197c   0x00000048   Code   RO         1307    i.rt_chk_robin      RTX_CM3.lib(rt_robin.o)
    0x1a0019c4   0x1a0019c4   0x00000070   Code   RO         1108    i.rt_dec_dly        RTX_CM3.lib(rt_list.o)
    0x1a001a34   0x1a001a34   0x00000044   Code   RO          858    i.rt_dispatch       RTX_CM3.lib(rt_task.o)
    0x1a001a78   0x1a001a78   0x00000006   Code   RO         1274    i.rt_dly_wait       RTX_CM3.lib(rt_time.o)
    0x1a001a7e   0x1a001a7e   0x00000002   PAD
    0x1a001a80   0x1a001a80   0x00000050   Code   RO         1069    i.rt_evt_psh        RTX_CM3.lib(rt_event.o)
    0x1a001ad0   0x1a001ad0   0x0000005c   Code   RO         1070    i.rt_evt_set        RTX_CM3.lib(rt_event.o)
    0x1a001b2c   0x1a001b2c   0x0000003c   Code   RO         1071    i.rt_evt_wait       RTX_CM3.lib(rt_event.o)
    0x1a001b68   0x1a001b68   0x0000002c   Code   RO         1331    i.rt_free_box       RTX_CM3.lib(rt_membox.o)
    0x1a001b94   0x1a001b94   0x00000028   Code   RO         1359    i.rt_free_mem       RTX_CM3.lib(rt_memory.o)
    0x1a001bbc   0x1a001bbc   0x00000028   Code   RO         1109    i.rt_get_first      RTX_CM3.lib(rt_list.o)
    0x1a001be4   0x1a001be4   0x00000008   Code   RO          285    i.rt_id2obj         RTX_CM3.lib(rt_cmsis.o)
    0x1a001bec   0x1a001bec   0x00000048   Code   RO          859    i.rt_init_context   RTX_CM3.lib(rt_task.o)
    0x1a001c34   0x1a001c34   0x0000001a   Code   RO         1360    i.rt_init_mem       RTX_CM3.lib(rt_memory.o)
    0x1a001c4e   0x1a001c4e   0x00000002   PAD
    0x1a001c50   0x1a001c50   0x00000018   Code   RO         1308    i.rt_init_robin     RTX_CM3.lib(rt_robin.o)
    0x1a001c68   0x1a001c68   0x00000080   Code   RO         1385    i.rt_init_stack     RTX_CM3.lib(hal_cm.o)
    0x1a001ce8   0x1a001ce8   0x00000008   Code   RO         1186    i.rt_mbx_check      RTX_CM3.lib(rt_mailbox.o)
    0x1a001cf0   0x1a001cf0   0x0000001a   Code   RO         1187    i.rt_mbx_init       RTX_CM3.lib(rt_mailbox.o)
    0x1a001d0a   0x1a001d0a   0x00000002   PAD
    0x1a001d0c   0x1a001d0c   0x000000f0   Code   RO         1188    i.rt_mbx_psh        RTX_CM3.lib(rt_mailbox.o)
    0x1a001dfc   0x1a001dfc   0x000000b4   Code   RO         1190    i.rt_mbx_wait       RTX_CM3.lib(rt_mailbox.o)
    0x1a001eb0   0x1a001eb0   0x00000044   Code   RO          286    i.rt_ms2tick        RTX_CM3.lib(rt_cmsis.o)
    0x1a001ef4   0x1a001ef4   0x00000010   Code   RO          942    i.rt_mut_init       RTX_CM3.lib(rt_mutex.o)
    0x1a001f04   0x1a001f04   0x000000d8   Code   RO          943    i.rt_mut_release    RTX_CM3.lib(rt_mutex.o)
    0x1a001fdc   0x1a001fdc   0x00000078   Code   RO          944    i.rt_mut_wait       RTX_CM3.lib(rt_mutex.o)
    0x1a002054   0x1a002054   0x0000007c   Code   RO          980    i.rt_pop_req        RTX_CM3.lib(rt_system.o)
    0x1a0020d0   0x1a0020d0   0x00000020   Code   RO          981    i.rt_psh_req        RTX_CM3.lib(rt_system.o)
    0x1a0020f0   0x1a0020f0   0x0000005c   Code   RO         1111    i.rt_psq_enq        RTX_CM3.lib(rt_list.o)
    0x1a00214c   0x1a00214c   0x00000048   Code   RO         1112    i.rt_put_dly        RTX_CM3.lib(rt_list.o)
    0x1a002194   0x1a002194   0x00000036   Code   RO         1113    i.rt_put_prio       RTX_CM3.lib(rt_list.o)
    0x1a0021ca   0x1a0021ca   0x00000002   PAD
    0x1a0021cc   0x1a0021cc   0x00000014   Code   RO         1114    i.rt_put_rdy_first  RTX_CM3.lib(rt_list.o)
    0x1a0021e0   0x1a0021e0   0x00000034   Code   RO         1115    i.rt_resort_prio    RTX_CM3.lib(rt_list.o)
    0x1a002214   0x1a002214   0x00000006   Code   RO         1386    i.rt_ret_val        RTX_CM3.lib(hal_cm.o)
    0x1a00221a   0x1a00221a   0x00000008   Code   RO         1387    i.rt_ret_val2       RTX_CM3.lib(hal_cm.o)
    0x1a002222   0x1a002222   0x00000028   Code   RO         1116    i.rt_rmv_dly        RTX_CM3.lib(rt_list.o)
    0x1a00224a   0x1a00224a   0x00000002   PAD
    0x1a00224c   0x1a00224c   0x00000030   Code   RO         1117    i.rt_rmv_list       RTX_CM3.lib(rt_list.o)
    0x1a00227c   0x1a00227c   0x00000034   Code   RO         1235    i.rt_sem_psh        RTX_CM3.lib(rt_semaphore.o)
    0x1a0022b0   0x1a0022b0   0x00000024   Code   RO          983    i.rt_stk_check      RTX_CM3.lib(rt_system.o)
    0x1a0022d4   0x1a0022d4   0x00000028   Code   RO          860    i.rt_switch_req     RTX_CM3.lib(rt_task.o)
    0x1a0022fc   0x1a0022fc   0x000000cc   Code   RO          861    i.rt_sys_init       RTX_CM3.lib(rt_task.o)
    0x1a0023c8   0x1a0023c8   0x00000078   Code   RO          862    i.rt_sys_start      RTX_CM3.lib(rt_task.o)
    0x1a002440   0x1a002440   0x00000040   Code   RO          985    i.rt_systick        RTX_CM3.lib(rt_system.o)
    0x1a002480   0x1a002480   0x00000012   Code   RO          287    i.rt_tid2ptcb       RTX_CM3.lib(rt_cmsis.o)
    0x1a002492   0x1a002492   0x00000002   PAD
    0x1a002494   0x1a002494   0x00000034   Code   RO          288    i.rt_timer_insert   RTX_CM3.lib(rt_cmsis.o)
    0x1a0024c8   0x1a0024c8   0x00000088   Code   RO          863    i.rt_tsk_create     RTX_CM3.lib(rt_task.o)
    0x1a002550   0x1a002550   0x0000017c   Code   RO          864    i.rt_tsk_delete     RTX_CM3.lib(rt_task.o)
    0x1a0026cc   0x1a0026cc   0x0000007c   Code   RO          866    i.rt_tsk_prio       RTX_CM3.lib(rt_task.o)
    0x1a002748   0x1a002748   0x00000010   Code   RO          867    i.rt_tsk_self       RTX_CM3.lib(rt_task.o)
    0x1a002758   0x1a002758   0x00000012   Code   RO          290    i.svcDelay          RTX_CM3.lib(rt_cmsis.o)
    0x1a00276a   0x1a00276a   0x00000002   PAD
    0x1a00276c   0x1a00276c   0x00000070   Code   RO          291    i.svcKernelInitialize  RTX_CM3.lib(rt_cmsis.o)
    0x1a0027dc   0x1a0027dc   0x00000048   Code   RO          293    i.svcKernelStart    RTX_CM3.lib(rt_cmsis.o)
    0x1a002824   0x1a002824   0x00000024   Code   RO          296    i.svcMessageCreate  RTX_CM3.lib(rt_cmsis.o)
    0x1a002848   0x1a002848   0x0000003a   Code   RO          297    i.svcMessageGet     RTX_CM3.lib(rt_cmsis.o)
    0x1a002882   0x1a002882   0x00000024   Code   RO          309    i.svcSignalSet      RTX_CM3.lib(rt_cmsis.o)
    0x1a0028a6   0x1a0028a6   0x00000002   PAD
    0x1a0028a8   0x1a0028a8   0x00000054   Code   RO          310    i.svcSignalWait     RTX_CM3.lib(rt_cmsis.o)
    0x1a0028fc   0x1a0028fc   0x0000006c   Code   RO          311    i.svcThreadCreate   RTX_CM3.lib(rt_cmsis.o)
    0x1a002968   0x1a002968   0x0000001c   Code   RO          312    i.svcThreadGetId    RTX_CM3.lib(rt_cmsis.o)
    0x1a002984   0x1a002984   0x00000038   Code   RO          315    i.svcThreadTerminate  RTX_CM3.lib(rt_cmsis.o)
    0x1a0029bc   0x1a0029bc   0x00000018   Code   RO          317    i.svcTimerCall      RTX_CM3.lib(rt_cmsis.o)
    0x1a0029d4   0x1a0029d4   0x0000005c   Code   RO          326    i.sysTimerTick      RTX_CM3.lib(rt_cmsis.o)
    0x1a002a30   0x1a002a30   0x00000050   Data   RO            5    .constdata          blinky.o
    0x1a002a80   0x1a002a80   0x00000050   Data   RO           72    .constdata          led_mcb1800.o
    0x1a002ad0   0x1a002ad0   0x00000068   Data   RO          106    .constdata          rtx_conf_cm.o
    0x1a002b38   0x1a002b38   0x00000014   Data   RO          196    .constdata          system_lpc18xx.o
    0x1a002b4c   0x1a002b4c   0x00000020   Data   RO         1615    Region$$Table       anon$$obj.o


==============================================================================

Image component sizes


      Code (inc. data)   RO Data    RW Data    ZI Data      Debug   Object Name

       412         40         80         24          0      11640   blinky.o
       244         20          0          0          0       1761   gpio_lpc18xx.o
       256          8         80          0          0       5125   led_mcb1800.o
       200         36        104         20       3016       8809   rtx_conf_cm.o
       364         14          0          0          0       2437   scu_lpc18xx.o
        64         26        768          0       1536        812   startup_lpc18xx.o
      2400        200         20          4          0       6983   system_lpc18xx.o

    ----------------------------------------------------------------------
      3940        344       1084         48       4552      37567   Object Totals
         0          0         32          0          0          0   (incl. Generated)
         0          0          0          0          0          0   (incl. Padding)

    ----------------------------------------------------------------------

      Code (inc. data)   RO Data    RW Data    ZI Data      Debug   Library Member Name

       238         24          0          1          0       3244   hal_cm.o
       304         36          0          0          0        756   hal_cm3.o
      1356        160          0          8          0      36578   rt_cmsis.o
       272         18          0          0          0       2606   rt_event.o
       530         34          0          0         48       8157   rt_list.o
       554         10          0          0          0       3889   rt_mailbox.o
       140          0          0          0          0       1889   rt_membox.o
       128          0          0          0          0       2267   rt_memory.o
       352         14          0          0          0       2073   rt_mutex.o
        96         22          0          8          0       1134   rt_robin.o
        52          4          0          0          0        565   rt_semaphore.o
       298         52          0          8          0       6139   rt_system.o
      1216        174          0          8         52       9537   rt_task.o
         6          0          0          4          0        636   rt_time.o
         4          4          0          0          0        196   svc_table.o
         8          0          0          0          0         68   __main.o
         0          0          0          0          0          0   __rtentry.o
        20          0          0          0          0          0   __rtentry2.o
         6          0          0          0          0          0   __rtentry4.o
        52          8          0          0          0          0   __scatter.o
        26          0          0          0          0          0   __scatter_copy.o
        28          0          0          0          0          0   __scatter_zi.o
        18          0          0          0          0         80   exit.o
         6          0          0          0          0        152   heapauxi.o
         0          0          0          0          0          0   indicate_semi.o
         2          0          0          0          0          0   libinit.o
         2          0          0          0          0          0   libinit2.o
         2          0          0          0          0          0   libshutdown.o
         2          0          0          0          0          0   libshutdown2.o
         8          4          0          0         96         68   libspace.o
       238          0          0          0          0        100   lludivv7m.o
         2          0          0          0          0          0   rtexit.o
        10          0          0          0          0          0   rtexit2.o
        12          4          0          0          0         68   sys_exit.o
        74          0          0          0          0         80   sys_stackheap_outer.o
         2          0          0          0          0         68   use_no_semi.o

    ----------------------------------------------------------------------
      6092        568          0         40        200      80350   Library Totals
        28          0          0          3          4          0   (incl. Padding)

    ----------------------------------------------------------------------

      Code (inc. data)   RO Data    RW Data    ZI Data      Debug   Library Name

      5546        552          0         37        100      79666   RTX_CM3.lib
       518         16          0          0         96        684   c_w.l

    ----------------------------------------------------------------------
      6092        568          0         40        200      80350   Library Totals

    ----------------------------------------------------------------------

==============================================================================


      Code (inc. data)   RO Data    RW Data    ZI Data      Debug   

     10032        912       1084         88       4752     113077   Grand Totals
     10032        912       1084         88       4752     113077   ELF Image Totals
     10032        912       1084         88          0          0   ROM Totals

==============================================================================

    Total RO  Size (Code + RO Data)                11116 (  10.86kB)
    Total RW  Size (RW Data + ZI Data)              4840 (   4.73kB)
    Total ROM Size (Code + RO Data + RW Data)      11204 (  10.94kB)

==============================================================================

